BL51 BANKED LINKER/LOCATER V6.22                                                        10/25/2014  16:15:51  PAGE 1


BL51 BANKED LINKER/LOCATER V6.22, INVOKED BY:
D:\PROGRAM FILES(X86)\KEILC51\C51\BIN\BL51.EXE .\OUTPUT\adc.obj, .\OUTPUT\delay.obj, .\OUTPUT\image0.obj, .\OUTPUT\inter
>> rupt.obj, .\OUTPUT\lcd.obj, .\OUTPUT\lkb.obj, .\OUTPUT\main.obj, .\OUTPUT\mpu6050.obj, .\OUTPUT\timer.obj, .\OUTPUT\u
>> art.obj, .\OUTPUT\gb1616.obj, .\OUTPUT\ascii.obj, .\OUTPUT\gb3232.obj, .\OUTPUT\pca_pwm.obj, .\OUTPUT\hmc5883l.obj, .
>> \OUTPUT\nrf24l01.obj, .\OUTPUT\int.obj TO .\OUTPUT\TheEnd PRINT (.\TheEnd.m51) RAMSIZE (256)


MEMORY MODEL: LARGE WITH FLOATING POINT ARITHMETIC


INPUT MODULES INCLUDED:
  .\OUTPUT\adc.obj (ADC)
  .\OUTPUT\delay.obj (DELAY)
  .\OUTPUT\image0.obj (IMAGE0)
  .\OUTPUT\interrupt.obj (INTERRUPT)
  .\OUTPUT\lcd.obj (LCD)
  .\OUTPUT\lkb.obj (LKB)
  .\OUTPUT\main.obj (MAIN)
  .\OUTPUT\mpu6050.obj (MPU6050)
  .\OUTPUT\timer.obj (TIMER)
  .\OUTPUT\uart.obj (UART)
  .\OUTPUT\gb1616.obj (GB1616)
  .\OUTPUT\ascii.obj (ASCII)
  .\OUTPUT\gb3232.obj (GB3232)
  .\OUTPUT\pca_pwm.obj (PCA_PWM)
  .\OUTPUT\hmc5883l.obj (HMC5883L)
  .\OUTPUT\nrf24l01.obj (NRF24L01)
  .\OUTPUT\int.obj (INT)
  D:\PROGRAM FILES(X86)\KEILC51\C51\LIB\C51FPL.LIB (?C?FPADD)
  D:\PROGRAM FILES(X86)\KEILC51\C51\LIB\C51FPL.LIB (?C?FPMUL)
  D:\PROGRAM FILES(X86)\KEILC51\C51\LIB\C51FPL.LIB (?C?FPDIV)
  D:\PROGRAM FILES(X86)\KEILC51\C51\LIB\C51FPL.LIB (?C?FPCMP)
  D:\PROGRAM FILES(X86)\KEILC51\C51\LIB\C51FPL.LIB (?C?FPNEG)
  D:\PROGRAM FILES(X86)\KEILC51\C51\LIB\C51FPL.LIB (?C?FCAST)
  D:\PROGRAM FILES(X86)\KEILC51\C51\LIB\C51FPL.LIB (?C?CASTF)
  D:\PROGRAM FILES(X86)\KEILC51\C51\LIB\C51FPL.LIB (PRINTF)
  D:\PROGRAM FILES(X86)\KEILC51\C51\LIB\C51FPL.LIB (SQRT)
  D:\PROGRAM FILES(X86)\KEILC51\C51\LIB\C51FPL.LIB (ATAN2)
  D:\PROGRAM FILES(X86)\KEILC51\C51\LIB\C51FPL.LIB (SIN)
  D:\PROGRAM FILES(X86)\KEILC51\C51\LIB\C51FPL.LIB (ASIN)
  D:\PROGRAM FILES(X86)\KEILC51\C51\LIB\C51FPL.LIB (?C?FPGETOPN)
  D:\PROGRAM FILES(X86)\KEILC51\C51\LIB\C51FPL.LIB (?C?FPROUND)
  D:\PROGRAM FILES(X86)\KEILC51\C51\LIB\C51FPL.LIB (?C?FPCONVERT)
  D:\PROGRAM FILES(X86)\KEILC51\C51\LIB\C51FPL.LIB (?C?FPSERIES)
  D:\PROGRAM FILES(X86)\KEILC51\C51\LIB\C51FPL.LIB (ATAN)
  D:\PROGRAM FILES(X86)\KEILC51\C51\LIB\C51FPL.LIB (?C?FTNPWR)
  D:\PROGRAM FILES(X86)\KEILC51\C51\LIB\C51L.LIB (?C_STARTUP)
  D:\PROGRAM FILES(X86)\KEILC51\C51\LIB\C51L.LIB (?C?COPY)
  D:\PROGRAM FILES(X86)\KEILC51\C51\LIB\C51L.LIB (?C?CLDPTR)
  D:\PROGRAM FILES(X86)\KEILC51\C51\LIB\C51L.LIB (?C?CLDOPTR)
  D:\PROGRAM FILES(X86)\KEILC51\C51\LIB\C51L.LIB (?C?CSTPTR)
  D:\PROGRAM FILES(X86)\KEILC51\C51\LIB\C51L.LIB (?C?IMUL)
  D:\PROGRAM FILES(X86)\KEILC51\C51\LIB\C51L.LIB (?C?UIDIV)
  D:\PROGRAM FILES(X86)\KEILC51\C51\LIB\C51L.LIB (?C?SIDIV)
  D:\PROGRAM FILES(X86)\KEILC51\C51\LIB\C51L.LIB (?C?IILDX)
  D:\PROGRAM FILES(X86)\KEILC51\C51\LIB\C51L.LIB (?C?ILDIX)
  D:\PROGRAM FILES(X86)\KEILC51\C51\LIB\C51L.LIB (?C?ILDPTR)
  D:\PROGRAM FILES(X86)\KEILC51\C51\LIB\C51L.LIB (?C?ILDOPTR)
BL51 BANKED LINKER/LOCATER V6.22                                                      10/25/2014  16:15:51  PAGE 2


  D:\PROGRAM FILES(X86)\KEILC51\C51\LIB\C51L.LIB (?C?ISTPTR)
  D:\PROGRAM FILES(X86)\KEILC51\C51\LIB\C51L.LIB (?C?ISTOPTR)
  D:\PROGRAM FILES(X86)\KEILC51\C51\LIB\C51L.LIB (?C?LMUL)
  D:\PROGRAM FILES(X86)\KEILC51\C51\LIB\C51L.LIB (?C?ULDIV)
  D:\PROGRAM FILES(X86)\KEILC51\C51\LIB\C51L.LIB (?C?SLDIV)
  D:\PROGRAM FILES(X86)\KEILC51\C51\LIB\C51L.LIB (?C?LNEG)
  D:\PROGRAM FILES(X86)\KEILC51\C51\LIB\C51L.LIB (?C?ULSHR)
  D:\PROGRAM FILES(X86)\KEILC51\C51\LIB\C51L.LIB (?C?LLDXDATA)
  D:\PROGRAM FILES(X86)\KEILC51\C51\LIB\C51L.LIB (?C?LLDCODE)
  D:\PROGRAM FILES(X86)\KEILC51\C51\LIB\C51L.LIB (?C?LLDXDATA0)
  D:\PROGRAM FILES(X86)\KEILC51\C51\LIB\C51L.LIB (?C?LLDCODE0)
  D:\PROGRAM FILES(X86)\KEILC51\C51\LIB\C51L.LIB (?C?LSTXDATA)
  D:\PROGRAM FILES(X86)\KEILC51\C51\LIB\C51L.LIB (?C?LSTKXDATA)
  D:\PROGRAM FILES(X86)\KEILC51\C51\LIB\C51L.LIB (?C?OFFXADD)
  D:\PROGRAM FILES(X86)\KEILC51\C51\LIB\C51L.LIB (?C?PLDIXDATA)
  D:\PROGRAM FILES(X86)\KEILC51\C51\LIB\C51L.LIB (?C?PSTXDATA)
  D:\PROGRAM FILES(X86)\KEILC51\C51\LIB\C51L.LIB (?C?CCASE)
  D:\PROGRAM FILES(X86)\KEILC51\C51\LIB\C51L.LIB (PUTCHAR)
  D:\PROGRAM FILES(X86)\KEILC51\C51\LIB\C51L.LIB (?C_INIT)


LINK MAP OF MODULE:  .\OUTPUT\TheEnd (ADC)


            TYPE    BASE      LENGTH    RELOCATION   SEGMENT NAME
            -----------------------------------------------------

            * * * * * * *   D A T A   M E M O R Y   * * * * * * *
            REG     0000H     0008H     ABSOLUTE     "REG BANK 0"
            REG     0008H     0008H     ABSOLUTE     "REG BANK 1"
            REG     0010H     0008H     ABSOLUTE     "REG BANK 2"
            DATA    0018H     0005H     UNIT         _DATA_GROUP_
                    001DH     0003H                  *** GAP ***
            DATA    0020H     0001H     BIT_ADDR     ?BA?NRF24L01
            BIT     0021H.0   0001H.1   UNIT         _BIT_GROUP_
            BIT     0022H.1   0001H.0   UNIT         ?BI?INTERRUPT
            BIT     0023H.1   0000H.1   UNIT         ?BI?LKB
                    0023H.2   0000H.6                *** GAP ***
            IDATA   0024H     0001H     UNIT         ?STACK

            * * * * * * *  X D A T A   M E M O R Y  * * * * * * *
            XDATA   0000H     004FH     UNIT         _XDATA_GROUP_
            XDATA   004FH     003CH     UNIT         ?XD?MAIN
            XDATA   008BH     0018H     UNIT         ?XD?MPU6050
            XDATA   00A3H     0014H     UNIT         ?XD?INTERRUPT
            XDATA   00B7H     0012H     UNIT         ?XD?NRF24L01
            XDATA   00C9H     0004H     UNIT         ?XD?LCD
            XDATA   00CDH     0004H     UNIT         ?XD?HMC5883L
            XDATA   00D1H     0003H     UNIT         ?XD?LKB

            * * * * * * *   C O D E   M E M O R Y   * * * * * * *
            CODE    0000H     0003H     ABSOLUTE     
            CODE    0003H     0003H     ABSOLUTE     
            CODE    0006H     0005H     UNIT         ?PR?_LCD_WRITE_CMD?LCD
            CODE    000BH     0003H     ABSOLUTE     
            CODE    000EH     30C0H     UNIT         ?CO?IMAGE0
            CODE    30CEH     0AA5H     UNIT         ?C?LIB_CODE
BL51 BANKED LINKER/LOCATER V6.22                                                      10/25/2014  16:15:51  PAGE 3


            CODE    3B73H     05F0H     UNIT         ?CO?ASCII
            CODE    4163H     0483H     UNIT         ?PR?PRINTF?PRINTF
            CODE    45E6H     043AH     UNIT         ?PR?MAIN?MAIN
            CODE    4A20H     041AH     UNIT         ?CO?GB1616
            CODE    4E3AH     0370H     UNIT         ?PR?_KALMAN_FILTER?MPU6050
            CODE    51AAH     02CBH     UNIT         ?PR?MPU6050_TASK?MAIN
            CODE    5475H     0276H     UNIT         ?PR?ADC_TASK?MAIN
            CODE    56EBH     01EBH     UNIT         ?PR?_LCD_DRAWLINE?LCD
            CODE    58D6H     01D8H     UNIT         ?PR?_LCD_DRAWCIRCLE?LCD
            CODE    5AAEH     0199H     UNIT         ?PR?_LCD_SHOWCHAR?LCD
            CODE    5C47H     018BH     UNIT         ?PR?LCD_INIT?LCD
            CODE    5DD2H     0188H     UNIT         ?PR?SIN?SIN
            CODE    5F5AH     0170H     UNIT         ?PR?HMC5883_TASK?MAIN
            CODE    60CAH     015DH     UNIT         ?PR?TM0_ISR?INTERRUPT
            CODE    6227H     0143H     UNIT         ?PR?_LCD_PUTGB1616?LCD
            CODE    636AH     0143H     UNIT         ?PR?_LCD_PUTGB3232?LCD
            CODE    64ADH     0137H     UNIT         ?PR?_LCD_SHOWSTRING?LCD
            CODE    65E4H     0130H     UNIT         ?PR?ANGLE_CALCU?MPU6050
            CODE    6714H     0122H     UNIT         ?PR?ATAN?ATAN
            CODE    6836H     0106H     UNIT         ?CO?GB3232
            CODE    693CH     00E9H     UNIT         ?PR?_KEY_SCAN?LKB
            CODE    6A25H     00E1H     UNIT         ?PR?_LCD_SHOWNUM?LCD
            CODE    6B06H     00DBH     UNIT         ?PR?_LCD_SHOWIMAGE?LCD
            CODE    6BE1H     00D8H     UNIT         ?CO?MAIN
            CODE    6CB9H     00CEH     UNIT         ?PR?MULTIPLE_READ_HMC5883?HMC5883L
            CODE    6D87H     00ACH     UNIT         ?PR?SQRT?SQRT
            CODE    6E33H     00AAH     UNIT         ?PR?_LCD_DRAWRECTANGLE?LCD
            CODE    6EDDH     009DH     UNIT         ?PR?_ATAN2?ATAN2
            CODE    6F7AH     008CH     UNIT         ?C_C51STARTUP
            CODE    7006H     0082H     UNIT         ?PR?_LCD_SHOW2NUM?LCD
            CODE    7088H     0081H     UNIT         ?PR?_LCD_FILL?LCD
            CODE    7109H     0081H     UNIT         ?PR?_LCD_SHOWGB3232?LCD
            CODE    718AH     0080H     UNIT         ?C_INITSEG
            CODE    720AH     0073H     UNIT         ?PR?EXINT0?INTERRUPT
            CODE    727DH     006BH     UNIT         ?PR?_SENDMSG?LKB
            CODE    72E8H     0062H     UNIT         ?PR?_UART_INIT?UART
            CODE    734AH     0061H     UNIT         ?PR?_BUZZER_FUNC?LKB
            CODE    73ABH     0057H     UNIT         ?PR?_LCD_CLEAR?LCD
            CODE    7402H     004FH     UNIT         ?PR?TX_MODE?NRF24L01
            CODE    7451H     004BH     UNIT         ?PR?_SPI_WRITE_BUF?NRF24L01
            CODE    749CH     0049H     UNIT         ?PR?_MYPOW?LCD
            CODE    74E5H     0044H     UNIT         ?C?LDIV
            CODE    7529H     0043H     UNIT         ?PR?I2C_RECVBYTE?MPU6050
            CODE    756CH     0043H     UNIT         ?PR?HMC5883_RECVCHAR?HMC5883L
            CODE    75AFH     0041H     UNIT         ?PR?_I2C_SENDBYTE?MPU6050
            CODE    75F0H     0041H     UNIT         ?PR?_HMC5883_SENDCHAR?HMC5883L
            CODE    7631H     0040H     UNIT         ?PR?_LCD_DRAWPOINT?LCD
            CODE    7671H     003BH     UNIT         ?PR?ASIN?ASIN
            CODE    76ACH     0037H     UNIT         ?PR?_TRANSMIT?NRF24L01
            CODE    76E3H     0036H     UNIT         ?PR?I2C_RECVACK?MPU6050
            CODE    7719H     0036H     UNIT         ?PR?HMC5883_RECVACK?HMC5883L
            CODE    774FH     0034H     UNIT         ?PR?_ADDRESS_SET?LCD
            CODE    7783H     0033H     UNIT         ?PR?_SINGLE_READI2C?MPU6050
            CODE    77B6H     0031H     UNIT         ?PR?PCA_PWM_INIT?PCA_PWM
            CODE    77E7H     0030H     UNIT         ?PR?ENCODER_TASK?MAIN
            CODE    7817H     002BH     UNIT         ?PR?SPI_INIT?LCD
            CODE    7842H     002BH     UNIT         ?PR?_TIMER_INIT?TIMER
BL51 BANKED LINKER/LOCATER V6.22                                                      10/25/2014  16:15:51  PAGE 4


            CODE    786DH     0027H     UNIT         ?PR?PUTCHAR?PUTCHAR
            CODE    7894H     0026H     UNIT         ?PR?_GETDATA?MPU6050
            CODE    78BAH     0023H     UNIT         ?PR?_SINGLE_WRITEI2C?MPU6050
            CODE    78DDH     0023H     UNIT         ?PR?MPU6050_INIT?MPU6050
            CODE    7900H     0023H     UNIT         ?PR?_SINGLE_WRITE_HMC5883?HMC5883L
            CODE    7923H     0020H     UNIT         ?CO?MPU6050
            CODE    7943H     001AH     UNIT         ?PR?_SPI_RW?NRF24L01
            CODE    795DH     0017H     UNIT         ?PR?_DELAY_MS?DELAY
            CODE    7974H     0017H     UNIT         ?PR?I2C_START?MPU6050
            CODE    798BH     0017H     UNIT         ?PR?_I2C_SENDACK?MPU6050
            CODE    79A2H     0017H     UNIT         ?PR?HMC5883_START?HMC5883L
            CODE    79B9H     0016H     UNIT         ?PR?LCD_EXITSLEEP?LCD
            CODE    79CFH     0016H     UNIT         ?PR?HMC5883_SENDACK?HMC5883L
            CODE    79E5H     0015H     UNIT         ?PR?_LCD_WRITE_DATA?LCD
            CODE    79FAH     0014H     UNIT         ?PR?_ADC_GETRESULT?ADC
            CODE    7A0EH     0014H     UNIT         ?PR?_DELAY_US?DELAY
            CODE    7A22H     0014H     UNIT         ?PR?I2C_STOP?MPU6050
            CODE    7A36H     0014H     UNIT         ?PR?HMC5883_STOP?HMC5883L
            CODE    7A4AH     0011H     UNIT         ?PR?LCD_SLEEP?LCD
            CODE    7A5BH     0011H     UNIT         ?PR?_SPI_RW_REG?NRF24L01
            CODE    7A6CH     000FH     UNIT         ?PR?ADC_INIT?ADC
            CODE    7A7BH     000FH     UNIT         ?PR?_LCD_WRIT_BUS?LCD
            CODE    7A8AH     000DH     UNIT         ?PR?_SPI_READ?NRF24L01
            CODE    7A97H     000BH     UNIT         ?PR?LKB_INIT?LKB
            CODE    7AA2H     000AH     UNIT         ?PR?_LCD_WRITE_COM_DATA?LCD
            CODE    7AACH     0009H     UNIT         ?PR?INT_INIT?INT
            CODE    7AB5H     0007H     UNIT         ?PR?DELAY_US_1?DELAY
            CODE    7ABCH     0007H     UNIT         ?CO?LKB
            CODE    7AC3H     0007H     UNIT         ?PR?HMC5883_INIT?HMC5883L
            CODE    7ACAH     0007H     UNIT         ?PR?NRF24L01_INIT?NRF24L01



OVERLAY MAP OF MODULE:   .\OUTPUT\TheEnd (ADC)


SEGMENT                                       BIT_GROUP          DATA_GROUP          XDATA_GROUP
  +--> CALLED SEGMENT                      START    LENGTH     START    LENGTH     START    LENGTH
--------------------------------------------------------------------------------------------------
?PR?TM0_ISR?INTERRUPT                      -----    -----      -----    -----      -----    -----
  +--> ?PR?_KEY_SCAN?LKB

?PR?_KEY_SCAN?LKB                          -----    -----      -----    -----      0000H    0001H

*** NEW ROOT ***************************************************

?C_C51STARTUP                              -----    -----      -----    -----      -----    -----
  +--> ?PR?MAIN?MAIN
  +--> ?C_INITSEG

?PR?MAIN?MAIN                              -----    -----      -----    -----      0001H    0002H
  +--> ?PR?_DELAY_MS?DELAY
  +--> ?PR?_DELAY_US?DELAY
  +--> ?PR?SPI_INIT?LCD
  +--> ?PR?LCD_INIT?LCD
  +--> ?PR?LCD_SLEEP?LCD
  +--> ?PR?LCD_EXITSLEEP?LCD
BL51 BANKED LINKER/LOCATER V6.22                                                      10/25/2014  16:15:51  PAGE 5


  +--> ?PR?_LCD_CLEAR?LCD
  +--> ?CO?MAIN
  +--> ?PR?_LCD_SHOWSTRING?LCD
  +--> ?PR?_LCD_DRAWLINE?LCD
  +--> ?PR?_LCD_SHOW2NUM?LCD
  +--> ?PR?_LCD_SHOWNUM?LCD
  +--> ?CO?IMAGE0
  +--> ?PR?_LCD_SHOWIMAGE?LCD
  +--> ?PR?_LCD_DRAWRECTANGLE?LCD
  +--> ?PR?_LCD_SHOWGB3232?LCD
  +--> ?PR?_LCD_DRAWCIRCLE?LCD
  +--> ?PR?PCA_PWM_INIT?PCA_PWM
  +--> ?PR?LKB_INIT?LKB
  +--> ?PR?_BUZZER_FUNC?LKB
  +--> ?PR?ADC_INIT?ADC
  +--> ?PR?NRF24L01_INIT?NRF24L01
  +--> ?PR?TX_MODE?NRF24L01
  +--> ?PR?MPU6050_INIT?MPU6050
  +--> ?PR?HMC5883_INIT?HMC5883L
  +--> ?PR?_TIMER_INIT?TIMER
  +--> ?PR?_UART_INIT?UART
  +--> ?PR?INT_INIT?INT
  +--> ?PR?ADC_TASK?MAIN
  +--> ?PR?ENCODER_TASK?MAIN
  +--> ?PR?MPU6050_TASK?MAIN
  +--> ?PR?HMC5883_TASK?MAIN
  +--> ?PR?_SENDMSG?LKB

?PR?_DELAY_US?DELAY                        -----    -----      -----    -----      -----    -----
  +--> ?PR?DELAY_US_1?DELAY

?PR?SPI_INIT?LCD                           -----    -----      -----    -----      -----    -----
  +--> ?PR?_DELAY_MS?DELAY

?PR?LCD_INIT?LCD                           -----    -----      -----    -----      -----    -----
  +--> ?PR?_LCD_WRITE_CMD?LCD
  +--> ?PR?_LCD_WRITE_COM_DATA?LCD
  +--> ?PR?_DELAY_MS?DELAY

?PR?_LCD_WRITE_CMD?LCD                     -----    -----      -----    -----      -----    -----
  +--> ?PR?_LCD_WRIT_BUS?LCD

?PR?_LCD_WRITE_COM_DATA?LCD                -----    -----      -----    -----      -----    -----
  +--> ?PR?_LCD_WRITE_CMD?LCD
  +--> ?PR?_LCD_WRIT_BUS?LCD

?PR?LCD_SLEEP?LCD                          -----    -----      -----    -----      -----    -----
  +--> ?PR?_LCD_WRITE_CMD?LCD
  +--> ?PR?_DELAY_MS?DELAY

?PR?LCD_EXITSLEEP?LCD                      -----    -----      -----    -----      -----    -----
  +--> ?PR?_LCD_WRITE_CMD?LCD
  +--> ?PR?_DELAY_MS?DELAY

?PR?_LCD_CLEAR?LCD                         -----    -----      -----    -----      0003H    0004H
  +--> ?PR?_ADDRESS_SET?LCD
  +--> ?PR?_LCD_WRITE_DATA?LCD
BL51 BANKED LINKER/LOCATER V6.22                                                      10/25/2014  16:15:51  PAGE 6



?PR?_ADDRESS_SET?LCD                       -----    -----      -----    -----      0027H    0008H
  +--> ?PR?_LCD_WRITE_CMD?LCD
  +--> ?PR?_LCD_WRITE_DATA?LCD

?PR?_LCD_WRITE_DATA?LCD                    -----    -----      -----    -----      -----    -----
  +--> ?PR?_LCD_WRIT_BUS?LCD

?PR?_LCD_SHOWSTRING?LCD                    -----    -----      -----    -----      0003H    0008H
  +--> ?PR?_LCD_SHOWCHAR?LCD
  +--> ?PR?_LCD_PUTGB1616?LCD

?PR?_LCD_SHOWCHAR?LCD                      -----    -----      -----    -----      000FH    000CH
  +--> ?PR?_ADDRESS_SET?LCD
  +--> ?CO?ASCII
  +--> ?PR?_LCD_WRITE_DATA?LCD
  +--> ?PR?_LCD_DRAWPOINT?LCD

?PR?_LCD_DRAWPOINT?LCD                     -----    -----      -----    -----      -----    -----
  +--> ?PR?_ADDRESS_SET?LCD
  +--> ?PR?_LCD_WRITE_DATA?LCD

?PR?_LCD_PUTGB1616?LCD                     -----    -----      -----    -----      000BH    0011H
  +--> ?PR?_ADDRESS_SET?LCD
  +--> ?CO?GB1616
  +--> ?PR?_LCD_WRITE_DATA?LCD

?PR?_LCD_DRAWLINE?LCD                      -----    -----      -----    -----      000BH    001CH
  +--> ?PR?_LCD_DRAWPOINT?LCD

?PR?_LCD_SHOW2NUM?LCD                      -----    -----      -----    -----      0003H    0009H
  +--> ?PR?_MYPOW?LCD
  +--> ?PR?_LCD_SHOWCHAR?LCD

?PR?_MYPOW?LCD                             -----    -----      -----    -----      000FH    0006H

?PR?_LCD_SHOWNUM?LCD                       -----    -----      -----    -----      0003H    000CH
  +--> ?PR?_MYPOW?LCD
  +--> ?PR?_LCD_SHOWCHAR?LCD

?PR?_LCD_SHOWIMAGE?LCD                     -----    -----      -----    -----      0003H    000DH
  +--> ?PR?_ADDRESS_SET?LCD
  +--> ?PR?_LCD_WRIT_BUS?LCD

?PR?_LCD_DRAWRECTANGLE?LCD                 -----    -----      -----    -----      0003H    0008H
  +--> ?PR?_LCD_DRAWLINE?LCD

?PR?_LCD_SHOWGB3232?LCD                    -----    -----      -----    -----      0003H    0008H
  +--> ?PR?_LCD_PUTGB3232?LCD

?PR?_LCD_PUTGB3232?LCD                     -----    -----      -----    -----      000BH    0011H
  +--> ?PR?_ADDRESS_SET?LCD
  +--> ?CO?GB3232
  +--> ?PR?_LCD_WRITE_DATA?LCD

?PR?_LCD_DRAWCIRCLE?LCD                    -----    -----      -----    -----      0003H    000AH
  +--> ?PR?_LCD_DRAWPOINT?LCD
BL51 BANKED LINKER/LOCATER V6.22                                                      10/25/2014  16:15:51  PAGE 7



?PR?_BUZZER_FUNC?LKB                       -----    -----      -----    -----      0003H    0006H
  +--> ?PR?_DELAY_US?DELAY

?PR?ADC_INIT?ADC                           -----    -----      -----    -----      -----    -----
  +--> ?PR?_DELAY_MS?DELAY

?PR?TX_MODE?NRF24L01                       -----    -----      -----    -----      -----    -----
  +--> ?PR?_SPI_RW_REG?NRF24L01
  +--> ?PR?_SPI_WRITE_BUF?NRF24L01

?PR?_SPI_RW_REG?NRF24L01                   -----    -----      -----    -----      -----    -----
  +--> ?PR?_SPI_RW?NRF24L01

?PR?_SPI_WRITE_BUF?NRF24L01                -----    -----      -----    -----      0006H    0005H
  +--> ?PR?_SPI_RW?NRF24L01

?PR?MPU6050_INIT?MPU6050                   -----    -----      -----    -----      -----    -----
  +--> ?PR?_SINGLE_WRITEI2C?MPU6050

?PR?_SINGLE_WRITEI2C?MPU6050               -----    -----      -----    -----      0003H    0002H
  +--> ?PR?I2C_START?MPU6050
  +--> ?PR?_I2C_SENDBYTE?MPU6050
  +--> ?PR?I2C_STOP?MPU6050

?PR?I2C_START?MPU6050                      -----    -----      -----    -----      -----    -----
  +--> ?PR?_DELAY_US?DELAY

?PR?_I2C_SENDBYTE?MPU6050                  -----    -----      -----    -----      0007H    0002H
  +--> ?PR?_DELAY_US?DELAY
  +--> ?PR?I2C_RECVACK?MPU6050

?PR?I2C_RECVACK?MPU6050                    -----    -----      -----    -----      -----    -----
  +--> ?PR?_DELAY_US?DELAY

?PR?I2C_STOP?MPU6050                       -----    -----      -----    -----      -----    -----
  +--> ?PR?_DELAY_US?DELAY

?PR?HMC5883_INIT?HMC5883L                  -----    -----      -----    -----      -----    -----
  +--> ?PR?_SINGLE_WRITE_HMC5883?HMC5883L

?PR?_SINGLE_WRITE_HMC5883?HMC5883L         -----    -----      -----    -----      0003H    0002H
  +--> ?PR?HMC5883_START?HMC5883L
  +--> ?PR?_HMC5883_SENDCHAR?HMC5883L
  +--> ?PR?HMC5883_STOP?HMC5883L

?PR?HMC5883_START?HMC5883L                 -----    -----      -----    -----      -----    -----
  +--> ?PR?_DELAY_US?DELAY

?PR?_HMC5883_SENDCHAR?HMC5883L             -----    -----      -----    -----      0010H    0002H
  +--> ?PR?_DELAY_US?DELAY
  +--> ?PR?HMC5883_RECVACK?HMC5883L

?PR?HMC5883_RECVACK?HMC5883L               -----    -----      -----    -----      -----    -----
  +--> ?PR?_DELAY_US?DELAY

?PR?HMC5883_STOP?HMC5883L                  -----    -----      -----    -----      -----    -----
BL51 BANKED LINKER/LOCATER V6.22                                                      10/25/2014  16:15:51  PAGE 8


  +--> ?PR?_DELAY_US?DELAY

?PR?_UART_INIT?UART                        -----    -----      -----    -----      0003H    0004H

?PR?ADC_TASK?MAIN                          -----    -----      -----    -----      -----    -----
  +--> ?PR?_ADC_GETRESULT?ADC
  +--> ?PR?_LCD_SHOW2NUM?LCD
  +--> ?PR?_SENDMSG?LKB

?PR?_SENDMSG?LKB                           -----    -----      -----    -----      0003H    0007H
  +--> ?CO?LKB
  +--> ?PR?PRINTF?PRINTF

?PR?PRINTF?PRINTF                          0021H.0  0001H.1    0018H    0005H      000AH    0030H
  +--> ?PR?PUTCHAR?PUTCHAR

?PR?ENCODER_TASK?MAIN                      -----    -----      -----    -----      -----    -----
  +--> ?PR?_LCD_SHOW2NUM?LCD
  +--> ?CO?MAIN
  +--> ?PR?PRINTF?PRINTF

?PR?MPU6050_TASK?MAIN                      -----    -----      -----    -----      -----    -----
  +--> ?PR?ANGLE_CALCU?MPU6050
  +--> ?PR?_SENDMSG?LKB
  +--> ?PR?_LCD_FILL?LCD
  +--> ?PR?_LCD_DRAWLINE?LCD
  +--> ?PR?_LCD_DRAWPOINT?LCD
  +--> ?PR?_TRANSMIT?NRF24L01
  +--> ?PR?_SPI_READ?NRF24L01
  +--> ?PR?_SPI_RW_REG?NRF24L01

?PR?ANGLE_CALCU?MPU6050                    -----    -----      -----    -----      -----    -----
  +--> ?PR?_GETDATA?MPU6050
  +--> ?PR?SQRT?SQRT
  +--> ?PR?ASIN?ASIN
  +--> ?PR?_KALMAN_FILTER?MPU6050

?PR?_GETDATA?MPU6050                       -----    -----      -----    -----      0003H    0002H
  +--> ?PR?_SINGLE_READI2C?MPU6050

?PR?_SINGLE_READI2C?MPU6050                -----    -----      -----    -----      0005H    0002H
  +--> ?PR?I2C_START?MPU6050
  +--> ?PR?_I2C_SENDBYTE?MPU6050
  +--> ?PR?I2C_RECVBYTE?MPU6050
  +--> ?PR?_I2C_SENDACK?MPU6050
  +--> ?PR?I2C_STOP?MPU6050

?PR?I2C_RECVBYTE?MPU6050                   -----    -----      -----    -----      0007H    0002H
  +--> ?PR?_DELAY_US?DELAY

?PR?_I2C_SENDACK?MPU6050                   -----    -----      -----    -----      -----    -----
  +--> ?PR?_DELAY_US?DELAY

?PR?SQRT?SQRT                              -----    -----      -----    -----      0003H    0004H

?PR?ASIN?ASIN                              -----    -----      -----    -----      -----    -----
  +--> ?PR?SQRT?SQRT
BL51 BANKED LINKER/LOCATER V6.22                                                      10/25/2014  16:15:51  PAGE 9


  +--> ?PR?ATAN?ATAN

?PR?ATAN?ATAN                              0021H.0  0000H.2    -----    -----      0018H    0004H

?PR?_KALMAN_FILTER?MPU6050                 -----    -----      -----    -----      0003H    004CH
  +--> ?CO?MPU6050

?PR?_LCD_FILL?LCD                          -----    -----      -----    -----      0003H    000CH
  +--> ?PR?_ADDRESS_SET?LCD
  +--> ?PR?_LCD_WRITE_DATA?LCD

?PR?_TRANSMIT?NRF24L01                     -----    -----      -----    -----      0003H    0003H
  +--> ?PR?_SPI_WRITE_BUF?NRF24L01
  +--> ?PR?_SPI_RW_REG?NRF24L01

?PR?_SPI_READ?NRF24L01                     -----    -----      -----    -----      -----    -----
  +--> ?PR?_SPI_RW?NRF24L01

?PR?HMC5883_TASK?MAIN                      -----    -----      -----    -----      -----    -----
  +--> ?PR?MULTIPLE_READ_HMC5883?HMC5883L
  +--> ?PR?_LCD_SHOW2NUM?LCD
  +--> ?PR?SIN?SIN
  +--> ?PR?_LCD_DRAWLINE?LCD

?PR?MULTIPLE_READ_HMC5883?HMC5883L         -----    -----      -----    -----      0003H    000DH
  +--> ?PR?HMC5883_START?HMC5883L
  +--> ?PR?_HMC5883_SENDCHAR?HMC5883L
  +--> ?PR?HMC5883_RECVCHAR?HMC5883L
  +--> ?PR?HMC5883_SENDACK?HMC5883L
  +--> ?PR?HMC5883_STOP?HMC5883L
  +--> ?PR?_DELAY_US?DELAY
  +--> ?PR?_ATAN2?ATAN2

?PR?HMC5883_RECVCHAR?HMC5883L              -----    -----      -----    -----      0010H    0002H
  +--> ?PR?_DELAY_US?DELAY

?PR?HMC5883_SENDACK?HMC5883L               0021H.0  0000H.1    -----    -----      -----    -----
  +--> ?PR?_DELAY_US?DELAY

?PR?_ATAN2?ATAN2                           -----    -----      -----    -----      0010H    0008H
  +--> ?PR?ATAN?ATAN

?PR?SIN?SIN                                0021H.0  0000H.1    -----    -----      0003H    0004H



SYMBOL TABLE OF MODULE:  .\OUTPUT\TheEnd (ADC)

  VALUE           TYPE          NAME
  ----------------------------------

  -------         MODULE        ADC
  C:0000H         SYMBOL        _ICE_DUMMY_
  D:0080H         PUBLIC        P0
  D:0090H         PUBLIC        P1
  D:00A0H         PUBLIC        P2
  D:00B0H         PUBLIC        P3
BL51 BANKED LINKER/LOCATER V6.22                                                      10/25/2014  16:15:51  PAGE 10


  D:00C0H         PUBLIC        P4
  D:00C8H         PUBLIC        P5
  D:00E8H         PUBLIC        P6
  D:00F8H         PUBLIC        P7
  D:00A8H         PUBLIC        IE
  D:00BDH         PUBLIC        ADC_RES
  D:00B8H         PUBLIC        IP
  D:00D8H         PUBLIC        CCON
  D:00BCH         PUBLIC        ADC_CONTR
  D:0098H         PUBLIC        SCON
  D:0088H         PUBLIC        TCON
  C:7A6CH         PUBLIC        ADC_Init
  C:79FAH         PUBLIC        _ADC_GetResult
  D:009DH         PUBLIC        P1ASF
  D:00D0H         PUBLIC        PSW
  -------         PROC          ADC_INIT
  C:7A6CH         LINE#         8
  C:7A6CH         LINE#         9
  C:7A6CH         LINE#         10
  C:7A6FH         LINE#         11
  C:7A72H         LINE#         12
  C:7A75H         LINE#         13
  -------         ENDPROC       ADC_INIT
  -------         PROC          _ADC_GETRESULT
  D:0007H         SYMBOL        ch
  C:79FAH         LINE#         19
  C:79FAH         LINE#         20
  C:79FAH         LINE#         21
  C:79FFH         LINE#         22
  C:7A00H         LINE#         23
  C:7A01H         LINE#         24
  C:7A02H         LINE#         25
  C:7A03H         LINE#         26
  C:7A08H         LINE#         27
  C:7A0BH         LINE#         29
  C:7A0DH         LINE#         30
  -------         ENDPROC       _ADC_GETRESULT
  -------         ENDMOD        ADC

  -------         MODULE        DELAY
  C:0000H         SYMBOL        _ICE_DUMMY_
  D:0080H         PUBLIC        P0
  D:0090H         PUBLIC        P1
  D:00A0H         PUBLIC        P2
  D:00B0H         PUBLIC        P3
  D:00C0H         PUBLIC        P4
  D:00C8H         PUBLIC        P5
  D:00E8H         PUBLIC        P6
  D:00F8H         PUBLIC        P7
  D:00A8H         PUBLIC        IE
  D:00B8H         PUBLIC        IP
  D:00D8H         PUBLIC        CCON
  C:795DH         PUBLIC        _Delay_ms
  D:0098H         PUBLIC        SCON
  D:0088H         PUBLIC        TCON
  C:7A0EH         PUBLIC        _Delay_us
  C:7AB5H         PUBLIC        Delay_us_1
BL51 BANKED LINKER/LOCATER V6.22                                                      10/25/2014  16:15:51  PAGE 11


  D:00D0H         PUBLIC        PSW
  -------         PROC          DELAY_US_1
  -------         DO            
  D:0007H         SYMBOL        k
  -------         ENDDO         
  C:7AB5H         LINE#         4
  C:7AB5H         LINE#         5
  C:7AB5H         LINE#         26
  C:7AB6H         LINE#         27
  C:7AB7H         LINE#         28
  C:7AB9H         LINE#         29
  C:7ABBH         LINE#         32
  -------         ENDPROC       DELAY_US_1
  -------         PROC          _DELAY_US
  D:0004H         SYMBOL        i
  C:7A0EH         LINE#         34
  C:7A12H         LINE#         35
  C:7A12H         LINE#         36
  C:7A1CH         LINE#         37
  C:7A1CH         LINE#         38
  C:7A1FH         LINE#         39
  C:7A21H         LINE#         40
  -------         ENDPROC       _DELAY_US
  -------         PROC          _DELAY_MS
  D:0006H         SYMBOL        ms
  -------         DO            
  D:0004H         SYMBOL        i
  -------         ENDDO         
  C:795DH         LINE#         51
  C:795DH         LINE#         52
  C:795DH         LINE#         54
  C:795DH         LINE#         56
  C:7961H         LINE#         57
  C:796AH         LINE#         58
  C:7973H         LINE#         59
  -------         ENDPROC       _DELAY_MS
  -------         ENDMOD        DELAY

  -------         MODULE        IMAGE0
  C:0000H         SYMBOL        _ICE_DUMMY_
  C:000EH         PUBLIC        gImage_musi
  -------         ENDMOD        IMAGE0

  -------         MODULE        INTERRUPT
  C:0000H         SYMBOL        _ICE_DUMMY_
  D:0080H         PUBLIC        P0
  D:0090H         PUBLIC        P1
  D:00A0H         PUBLIC        P2
  D:00B0H         PUBLIC        P3
  D:00C0H         PUBLIC        P4
  D:00C8H         PUBLIC        P5
  D:00E8H         PUBLIC        P6
  D:00F8H         PUBLIC        P7
  D:00A8H         PUBLIC        IE
  X:00B1H         PUBLIC        Freq
  B:00B0H.3       PUBLIC        B_Phase
  D:00B8H         PUBLIC        IP
BL51 BANKED LINKER/LOCATER V6.22                                                      10/25/2014  16:15:51  PAGE 12


  B:0022H.1       PUBLIC        BEEP_flag
  X:00B3H         PUBLIC        Cnt_Last
  B:00A0H.5       PUBLIC        BEEP
  D:00D8H         PUBLIC        CCON
  B:0022H.2       PUBLIC        HMC5883_flag
  D:0098H         PUBLIC        SCON
  D:0088H         PUBLIC        TCON
  X:00B5H         PUBLIC        Cnt_Now
  B:0022H.3       PUBLIC        MPU6050_flag
  B:0022H.4       PUBLIC        Encoder_flag
  C:60CAH         PUBLIC        tm0_isr
  B:0022H.5       PUBLIC        ADC_flag
  D:008DH         PUBLIC        TH1
  D:008BH         PUBLIC        TL1
  B:0022H.6       PUBLIC        LED_flag
  C:720AH         PUBLIC        exint0
  B:0022H.7       PUBLIC        KEY_flag
  B:0023H.0       PUBLIC        Rotate_Dir
  D:00D0H         PUBLIC        PSW
  -------         PROC          EXINT0
  C:720AH         LINE#         18
  C:7215H         LINE#         21
  C:7218H         LINE#         22
  C:7218H         LINE#         23
  C:721AH         LINE#         24
  C:7228H         LINE#         25
  C:723DH         LINE#         26
  C:724CH         LINE#         27
  C:724EH         LINE#         29
  C:724EH         LINE#         30
  C:7250H         LINE#         31
  C:725EH         LINE#         32
  C:7274H         LINE#         33
  C:7274H         LINE#         34
  -------         ENDPROC       EXINT0
  -------         PROC          TM0_ISR
  -------         DO            
  X:00A3H         SYMBOL        i
  X:00A5H         SYMBOL        j
  X:00A7H         SYMBOL        k
  X:00A9H         SYMBOL        n
  X:00ABH         SYMBOL        p
  D:000FH         SYMBOL        ch
  D:000DH         SYMBOL        cl
  X:00ADH         SYMBOL        temp
  X:00AFH         SYMBOL        temp_1
  -------         ENDDO         
  C:60CAH         LINE#         62
  C:60D7H         LINE#         76
  C:60D9H         LINE#         77
  C:60DBH         LINE#         78
  C:60E9H         LINE#         79
  C:60FAH         LINE#         82
  C:6119H         LINE#         83
  C:6159H         LINE#         85
  C:6167H         LINE#         86
  C:6176H         LINE#         87
BL51 BANKED LINKER/LOCATER V6.22                                                      10/25/2014  16:15:51  PAGE 13


  C:6176H         LINE#         88
  C:617AH         LINE#         89
  C:617CH         LINE#         90
  C:617CH         LINE#         92
  C:618AH         LINE#         93
  C:6199H         LINE#         94
  C:6199H         LINE#         95
  C:619DH         LINE#         96
  C:619FH         LINE#         97
  C:619FH         LINE#         99
  C:61A8H         LINE#         100
  C:61B2H         LINE#         101
  C:61B2H         LINE#         103
  C:61B4H         LINE#         104
  C:61B4H         LINE#         105
  C:61B7H         LINE#         106
  C:61B7H         LINE#         107
  C:61C5H         LINE#         108
  C:61C7H         LINE#         109
  C:61D6H         LINE#         110
  C:61D6H         LINE#         111
  C:61DAH         LINE#         112
  C:61DCH         LINE#         113
  C:61DEH         LINE#         114
  C:61DEH         LINE#         115
  C:61DEH         LINE#         117
  C:61ECH         LINE#         118
  C:61F3H         LINE#         119
  C:61F3H         LINE#         121
  C:61F5H         LINE#         122
  C:61F7H         LINE#         124
  C:61F9H         LINE#         133
  C:6207H         LINE#         134
  C:6216H         LINE#         135
  C:6216H         LINE#         136
  C:621AH         LINE#         137
  C:621CH         LINE#         138
  C:621CH         LINE#         140
  -------         ENDPROC       TM0_ISR
  -------         ENDMOD        INTERRUPT

  -------         MODULE        LCD
  C:0000H         SYMBOL        _ICE_DUMMY_
  D:0080H         PUBLIC        P0
  D:0090H         PUBLIC        P1
  D:00A0H         PUBLIC        P2
  D:00B0H         PUBLIC        P3
  D:00C0H         PUBLIC        P4
  D:00C8H         PUBLIC        P5
  D:00E8H         PUBLIC        P6
  D:00F8H         PUBLIC        P7
  D:00CEH         PUBLIC        SPCTL
  C:6A25H         PUBLIC        _LCD_ShowNum
  D:00A2H         PUBLIC        P_SW1
  D:00A8H         PUBLIC        IE
  D:00B8H         PUBLIC        IP
  C:58D6H         PUBLIC        _LCD_DrawCircle
BL51 BANKED LINKER/LOCATER V6.22                                                      10/25/2014  16:15:51  PAGE 14


  C:73ABH         PUBLIC        _LCD_Clear
  D:00D8H         PUBLIC        CCON
  C:7109H         PUBLIC        _LCD_ShowGB3232
  B:0080H.0       PUBLIC        LCD_RST
  C:7A4AH         PUBLIC        LCD_Sleep
  D:0098H         PUBLIC        SCON
  D:0088H         PUBLIC        TCON
  B:0080H.1       PUBLIC        LCD_DC
  C:7006H         PUBLIC        _LCD_Show2Num
  C:7088H         PUBLIC        _LCD_Fill
  C:79EAH         PUBLIC        _LCD_WRITE_DATA
  C:6B06H         PUBLIC        _LCD_ShowImage
  C:749CH         PUBLIC        _mypow
  C:636AH         PUBLIC        _LCD_PutGB3232
  D:00E0H         PUBLIC        ACC
  C:6227H         PUBLIC        _LCD_PutGB1616
  C:5C47H         PUBLIC        LCD_Init
  B:00A0H.4       PUBLIC        LCD_CS
  C:79B9H         PUBLIC        LCD_ExitSleep
  C:56EBH         PUBLIC        _LCD_DrawLine
  C:7647H         PUBLIC        _LCD_DrawPoint
  C:64ADH         PUBLIC        _LCD_ShowString
  C:5AB4H         PUBLIC        _LCD_ShowChar
  C:6E33H         PUBLIC        _LCD_DrawRectangle
  D:00CDH         PUBLIC        SPSTAT
  C:7817H         PUBLIC        SPI_Init
  C:7A7BH         PUBLIC        _LCD_Writ_Bus
  X:00C9H         PUBLIC        POINT_COLOR
  X:00CBH         PUBLIC        BACK_COLOR
  C:0006H         PUBLIC        _LCD_WRITE_CMD
  C:774FH         PUBLIC        _Address_set
  D:00D0H         PUBLIC        PSW
  C:7AA7H         PUBLIC        _LCD_WRITE_COM_DATA
  D:00CFH         PUBLIC        SPDAT
  -------         PROC          SPI_INIT
  C:7817H         LINE#         10
  C:7817H         LINE#         11
  C:7817H         LINE#         16
  C:7819H         LINE#         17
  C:781BH         LINE#         18
  C:781DH         LINE#         19
  C:781FH         LINE#         27
  C:7822H         LINE#         28
  C:7825H         LINE#         29
  C:7828H         LINE#         31
  C:782AH         LINE#         32
  C:7830H         LINE#         33
  C:7832H         LINE#         34
  C:7839H         LINE#         35
  C:783BH         LINE#         36
  -------         ENDPROC       SPI_INIT
  -------         PROC          _LCD_WRIT_BUS
  D:0007H         SYMBOL        a
  C:7A7BH         LINE#         39
  C:7A7BH         LINE#         40
  C:7A7DH         LINE#         41
  C:7A7FH         LINE#         42
BL51 BANKED LINKER/LOCATER V6.22                                                      10/25/2014  16:15:51  PAGE 15


  C:7A84H         LINE#         43
  C:7A87H         LINE#         44
  C:7A89H         LINE#         45
  -------         ENDPROC       _LCD_WRIT_BUS
  -------         PROC          _LCD_WRITE_CMD
  D:0007H         SYMBOL        cmd
  C:0006H         LINE#         47
  C:0006H         LINE#         48
  C:0008H         LINE#         49
  -------         ENDPROC       _LCD_WRITE_CMD
  C:7AA2H         SYMBOL        L?0152
  -------         PROC          L?0151
  -------         ENDPROC       L?0151
  C:7AA2H         SYMBOL        L?0152
  -------         PROC          _LCD_WRITE_COM_DATA
  D:0007H         SYMBOL        com_data
  C:7AA7H         LINE#         52
  C:7AA7H         LINE#         53
  C:7AA9H         LINE#         54
  -------         ENDPROC       _LCD_WRITE_COM_DATA
  C:79E5H         SYMBOL        L?0150
  -------         PROC          L?0149
  -------         ENDPROC       L?0149
  C:79E5H         SYMBOL        L?0150
  -------         PROC          _LCD_WRITE_DATA
  D:0004H         SYMBOL        a
  C:79EAH         LINE#         57
  C:79EEH         LINE#         58
  C:79F0H         LINE#         59
  C:79F5H         LINE#         60
  -------         ENDPROC       _LCD_WRITE_DATA
  -------         PROC          _ADDRESS_SET
  X:0027H         SYMBOL        x1
  X:0029H         SYMBOL        y1
  D:0002H         SYMBOL        x2
  X:002DH         SYMBOL        y2
  C:774FH         LINE#         64
  C:775DH         LINE#         65
  C:775DH         LINE#         66
  C:7762H         LINE#         67
  C:7768H         LINE#         68
  C:776FH         LINE#         69
  C:7774H         LINE#         70
  C:7778H         LINE#         71
  C:777EH         LINE#         72
  -------         ENDPROC       _ADDRESS_SET
  -------         PROC          _LCD_CLEAR
  X:0003H         SYMBOL        Color
  -------         DO            
  X:0005H         SYMBOL        i
  D:0002H         SYMBOL        j
  -------         ENDDO         
  C:73ABH         LINE#         77
  C:73B3H         LINE#         78
  C:73B3H         LINE#         80
  C:73C9H         LINE#         81
  C:73D0H         LINE#         82
BL51 BANKED LINKER/LOCATER V6.22                                                      10/25/2014  16:15:51  PAGE 16


  C:73D0H         LINE#         83
  C:73D3H         LINE#         84
  C:73D3H         LINE#         85
  C:73D9H         LINE#         86
  C:73E4H         LINE#         87
  C:7401H         LINE#         88
  -------         ENDPROC       _LCD_CLEAR
  C:7634H         SYMBOL        L?0147
  C:7635H         SYMBOL        L?0148
  -------         PROC          L?0146
  -------         ENDPROC       L?0146
  C:7634H         SYMBOL        L?0147
  C:7635H         SYMBOL        L?0148
  -------         PROC          _LCD_DRAWPOINT
  D:0002H         SYMBOL        x
  D:0082H         SYMBOL        y
  C:7647H         LINE#         92
  C:764FH         LINE#         93
  C:764FH         LINE#         94
  C:7666H         LINE#         95
  -------         ENDPROC       _LCD_DRAWPOINT
  -------         PROC          _LCD_DRAWLINE
  X:000BH         SYMBOL        x1
  X:000DH         SYMBOL        y1
  D:0002H         SYMBOL        x2
  X:0011H         SYMBOL        y2
  -------         DO            
  X:0013H         SYMBOL        t
  X:0015H         SYMBOL        xerr
  X:0017H         SYMBOL        yerr
  X:0019H         SYMBOL        delta_x
  X:001BH         SYMBOL        delta_y
  X:001DH         SYMBOL        distance
  X:001FH         SYMBOL        incx
  X:0021H         SYMBOL        incy
  X:0023H         SYMBOL        uRow
  X:0025H         SYMBOL        uCol
  -------         ENDDO         
  C:56EBH         LINE#         101
  C:56F9H         LINE#         102
  C:56F9H         LINE#         104
  C:5704H         LINE#         107
  C:5719H         LINE#         108
  C:5734H         LINE#         109
  C:5743H         LINE#         110
  C:5749H         LINE#         111
  C:5765H         LINE#         112
  C:5771H         LINE#         113
  C:5786H         LINE#         114
  C:57A2H         LINE#         115
  C:57AEH         LINE#         116
  C:57C3H         LINE#         117
  C:57E9H         LINE#         118
  C:57EEH         LINE#         119
  C:5813H         LINE#         120
  C:5813H         LINE#         121
  C:5824H         LINE#         122
BL51 BANKED LINKER/LOCATER V6.22                                                      10/25/2014  16:15:51  PAGE 17


  C:5838H         LINE#         123
  C:584CH         LINE#         124
  C:5868H         LINE#         125
  C:5868H         LINE#         126
  C:5874H         LINE#         127
  C:5888H         LINE#         128
  C:5888H         LINE#         129
  C:58A4H         LINE#         130
  C:58A4H         LINE#         131
  C:58B0H         LINE#         132
  C:58C4H         LINE#         133
  C:58C4H         LINE#         134
  C:58D5H         LINE#         135
  -------         ENDPROC       _LCD_DRAWLINE
  -------         PROC          _LCD_DRAWRECTANGLE
  X:0003H         SYMBOL        x1
  X:0005H         SYMBOL        y1
  X:0007H         SYMBOL        x2
  X:0009H         SYMBOL        y2
  C:6E33H         LINE#         139
  C:6E49H         LINE#         140
  C:6E49H         LINE#         141
  C:6E65H         LINE#         142
  C:6E8CH         LINE#         143
  C:6EB4H         LINE#         144
  -------         ENDPROC       _LCD_DRAWRECTANGLE
  -------         PROC          _LCD_DRAWCIRCLE
  X:0003H         SYMBOL        x0
  X:0005H         SYMBOL        y0
  D:0003H         SYMBOL        r
  -------         DO            
  X:0007H         SYMBOL        a
  X:0009H         SYMBOL        b
  X:000BH         SYMBOL        di
  -------         ENDDO         
  C:58D6H         LINE#         150
  C:58E4H         LINE#         151
  C:58E4H         LINE#         154
  C:58F3H         LINE#         155
  C:5907H         LINE#         156
  C:5926H         LINE#         157
  C:5926H         LINE#         158
  C:5934H         LINE#         159
  C:594DH         LINE#         160
  C:5978H         LINE#         161
  C:59A3H         LINE#         162
  C:59CFH         LINE#         163
  C:59FBH         LINE#         164
  C:5A12H         LINE#         165
  C:5A2DH         LINE#         166
  C:5A3BH         LINE#         168
  C:5A6BH         LINE#         170
  C:5A6BH         LINE#         171
  C:5A9CH         LINE#         172
  C:5AAAH         LINE#         173
  C:5AAAH         LINE#         174
  C:5AADH         LINE#         175
BL51 BANKED LINKER/LOCATER V6.22                                                      10/25/2014  16:15:51  PAGE 18


  -------         ENDPROC       _LCD_DRAWCIRCLE
  -------         PROC          _LCD_FILL
  X:0003H         SYMBOL        xsta
  X:0005H         SYMBOL        ysta
  X:0007H         SYMBOL        xend
  X:0009H         SYMBOL        yend
  X:000BH         SYMBOL        color
  -------         DO            
  X:000DH         SYMBOL        i
  D:0002H         SYMBOL        j
  -------         ENDDO         
  C:7088H         LINE#         180
  C:709CH         LINE#         181
  C:709CH         LINE#         183
  C:70B0H         LINE#         184
  C:70D4H         LINE#         185
  C:70D4H         LINE#         186
  C:70EBH         LINE#         187
  C:70F8H         LINE#         188
  C:7108H         LINE#         189
  -------         ENDPROC       _LCD_FILL
  -------         PROC          LCD_INIT
  C:5C47H         LINE#         192
  C:5C47H         LINE#         193
  C:5C47H         LINE#         194
  C:5C4CH         LINE#         195
  C:5C51H         LINE#         196
  C:5C56H         LINE#         197
  C:5C5BH         LINE#         198
  C:5C60H         LINE#         199
  C:5C65H         LINE#         201
  C:5C67H         LINE#         202
  C:5C6AH         LINE#         203
  C:5C6FH         LINE#         204
  C:5C74H         LINE#         206
  C:5C79H         LINE#         207
  C:5C7EH         LINE#         208
  C:5C83H         LINE#         209
  C:5C88H         LINE#         211
  C:5C8AH         LINE#         212
  C:5C8DH         LINE#         213
  C:5C90H         LINE#         215
  C:5C95H         LINE#         216
  C:5C9AH         LINE#         217
  C:5C9FH         LINE#         218
  C:5CA4H         LINE#         219
  C:5CA9H         LINE#         221
  C:5CAEH         LINE#         222
  C:5CB3H         LINE#         224
  C:5CB8H         LINE#         225
  C:5CBDH         LINE#         227
  C:5CC2H         LINE#         228
  C:5CC7H         LINE#         230
  C:5CCCH         LINE#         231
  C:5CD1H         LINE#         232
  C:5CD6H         LINE#         234
  C:5CDBH         LINE#         235
BL51 BANKED LINKER/LOCATER V6.22                                                      10/25/2014  16:15:51  PAGE 19


  C:5CE0H         LINE#         237
  C:5CE5H         LINE#         238
  C:5CEAH         LINE#         240
  C:5CEFH         LINE#         241
  C:5CF4H         LINE#         243
  C:5CF6H         LINE#         244
  C:5CF9H         LINE#         245
  C:5CFEH         LINE#         247
  C:5D03H         LINE#         248
  C:5D08H         LINE#         249
  C:5D0DH         LINE#         250
  C:5D12H         LINE#         252
  C:5D14H         LINE#         253
  C:5D17H         LINE#         255
  C:5D1CH         LINE#         256
  C:5D21H         LINE#         258
  C:5D26H         LINE#         259
  C:5D2BH         LINE#         260
  C:5D30H         LINE#         261
  C:5D35H         LINE#         262
  C:5D3AH         LINE#         263
  C:5D3FH         LINE#         264
  C:5D44H         LINE#         265
  C:5D49H         LINE#         266
  C:5D4EH         LINE#         267
  C:5D53H         LINE#         268
  C:5D58H         LINE#         269
  C:5D5DH         LINE#         270
  C:5D62H         LINE#         271
  C:5D67H         LINE#         272
  C:5D6CH         LINE#         273
  C:5D71H         LINE#         275
  C:5D73H         LINE#         276
  C:5D76H         LINE#         277
  C:5D7BH         LINE#         278
  C:5D80H         LINE#         279
  C:5D85H         LINE#         280
  C:5D8AH         LINE#         281
  C:5D8FH         LINE#         282
  C:5D94H         LINE#         283
  C:5D99H         LINE#         284
  C:5D9EH         LINE#         285
  C:5DA3H         LINE#         286
  C:5DA8H         LINE#         287
  C:5DADH         LINE#         288
  C:5DB2H         LINE#         289
  C:5DB7H         LINE#         290
  C:5DBCH         LINE#         292
  C:5DC1H         LINE#         293
  C:5DC8H         LINE#         295
  C:5DCDH         LINE#         296
  -------         ENDPROC       LCD_INIT
  -------         PROC          LCD_SLEEP
  C:7A4AH         LINE#         301
  C:7A4AH         LINE#         302
  C:7A4AH         LINE#         303
  C:7A4FH         LINE#         304
BL51 BANKED LINKER/LOCATER V6.22                                                      10/25/2014  16:15:51  PAGE 20


  C:7A56H         LINE#         305
  -------         ENDPROC       LCD_SLEEP
  -------         PROC          LCD_EXITSLEEP
  C:79B9H         LINE#         308
  C:79B9H         LINE#         309
  C:79B9H         LINE#         310
  C:79BEH         LINE#         311
  C:79C5H         LINE#         312
  C:79CAH         LINE#         313
  -------         ENDPROC       LCD_EXITSLEEP
  -------         PROC          L?0153
  -------         ENDPROC       L?0153
  -------         PROC          _LCD_SHOWCHAR
  X:000FH         SYMBOL        x
  X:0011H         SYMBOL        y
  X:0013H         SYMBOL        num
  X:0014H         SYMBOL        mode
  -------         DO            
  X:0015H         SYMBOL        temp
  D:0001H         SYMBOL        pos
  X:0016H         SYMBOL        t
  X:0017H         SYMBOL        x0
  X:0019H         SYMBOL        colortemp
  -------         ENDDO         
  C:5AB4H         LINE#         322
  C:5AC5H         LINE#         323
  C:5AC5H         LINE#         326
  C:5AD5H         LINE#         327
  C:5AE4H         LINE#         328
  C:5B02H         LINE#         330
  C:5B09H         LINE#         331
  C:5B35H         LINE#         332
  C:5B3EH         LINE#         333
  C:5B3EH         LINE#         334
  C:5B3FH         LINE#         335
  C:5B3FH         LINE#         336
  C:5B61H         LINE#         337
  C:5B64H         LINE#         338
  C:5B64H         LINE#         339
  C:5B70H         LINE#         340
  C:5B7FH         LINE#         341
  C:5B85H         LINE#         342
  C:5B8CH         LINE#         343
  C:5B9AH         LINE#         344
  C:5BA6H         LINE#         345
  C:5BB5H         LINE#         346
  C:5BC3H         LINE#         347
  C:5BCEH         LINE#         348
  C:5BCEH         LINE#         349
  C:5BCEH         LINE#         350
  C:5BD0H         LINE#         351
  C:5BD0H         LINE#         352
  C:5BF2H         LINE#         353
  C:5BFFH         LINE#         354
  C:5BFFH         LINE#         355
  C:5C25H         LINE#         356
  C:5C2CH         LINE#         357
BL51 BANKED LINKER/LOCATER V6.22                                                      10/25/2014  16:15:51  PAGE 21


  C:5C32H         LINE#         358
  C:5C37H         LINE#         359
  C:5C37H         LINE#         360
  C:5C46H         LINE#         361
  -------         ENDPROC       _LCD_SHOWCHAR
  -------         PROC          _MYPOW
  X:000FH         SYMBOL        m
  X:0010H         SYMBOL        n
  -------         DO            
  X:0011H         SYMBOL        result
  -------         ENDDO         
  C:749CH         LINE#         364
  C:74A4H         LINE#         365
  C:74A4H         LINE#         366
  C:74ACH         LINE#         367
  C:74D6H         LINE#         368
  C:74E4H         LINE#         369
  -------         ENDPROC       _MYPOW
  -------         PROC          _LCD_SHOWNUM
  X:0003H         SYMBOL        x
  X:0005H         SYMBOL        y
  X:0007H         SYMBOL        num
  X:000BH         SYMBOL        len
  -------         DO            
  X:000CH         SYMBOL        t
  X:000DH         SYMBOL        temp
  X:000EH         SYMBOL        enshow
  -------         ENDDO         
  C:6A25H         LINE#         375
  C:6A33H         LINE#         376
  C:6A33H         LINE#         378
  C:6A38H         LINE#         379
  C:6A4BH         LINE#         380
  C:6A5FH         LINE#         381
  C:6A5FH         LINE#         382
  C:6A90H         LINE#         383
  C:6AA1H         LINE#         384
  C:6AA1H         LINE#         385
  C:6AA5H         LINE#         386
  C:6AA5H         LINE#         387
  C:6AC7H         LINE#         388
  C:6AC9H         LINE#         389
  C:6ACFH         LINE#         391
  C:6ACFH         LINE#         392
  C:6AFCH         LINE#         393
  C:6B05H         LINE#         394
  -------         ENDPROC       _LCD_SHOWNUM
  -------         PROC          _LCD_SHOW2NUM
  X:0003H         SYMBOL        x
  X:0005H         SYMBOL        y
  X:0007H         SYMBOL        num
  X:0009H         SYMBOL        len
  -------         DO            
  X:000AH         SYMBOL        t
  X:000BH         SYMBOL        temp
  -------         ENDDO         
  C:7006H         LINE#         399
BL51 BANKED LINKER/LOCATER V6.22                                                      10/25/2014  16:15:51  PAGE 22


  C:701AH         LINE#         400
  C:701AH         LINE#         402
  C:702BH         LINE#         403
  C:702BH         LINE#         404
  C:705BH         LINE#         405
  C:707FH         LINE#         406
  C:7087H         LINE#         407
  -------         ENDPROC       _LCD_SHOW2NUM
  -------         PROC          _LCD_PUTGB1616
  X:000BH         SYMBOL        x
  X:000DH         SYMBOL        y
  X:000FH         SYMBOL        c
  X:0012H         SYMBOL        fColor
  X:0014H         SYMBOL        bColor
  -------         DO            
  D:0002H         SYMBOL        i
  X:0016H         SYMBOL        j
  X:0018H         SYMBOL        k
  -------         DO            
  X:001AH         SYMBOL        m
  -------         ENDDO         
  -------         ENDDO         
  C:6227H         LINE#         410
  C:6242H         LINE#         411
  C:6242H         LINE#         414
  C:626EH         LINE#         415
  C:6288H         LINE#         416
  C:6288H         LINE#         417
  C:62DAH         LINE#         418
  C:62DAH         LINE#         419
  C:62DCH         LINE#         420
  C:62DCH         LINE#         421
  C:630AH         LINE#         422
  C:6311H         LINE#         423
  C:6311H         LINE#         424
  C:6318H         LINE#         425
  C:6318H         LINE#         426
  C:631BH         LINE#         427
  C:631DH         LINE#         429
  C:631DH         LINE#         430
  C:6323H         LINE#         431
  C:6323H         LINE#         432
  C:6330H         LINE#         433
  C:634DH         LINE#         434
  C:6358H         LINE#         435
  C:6358H         LINE#         436
  C:6369H         LINE#         437
  -------         ENDPROC       _LCD_PUTGB1616
  -------         PROC          _LCD_SHOWSTRING
  X:0003H         SYMBOL        x
  X:0005H         SYMBOL        y
  X:0007H         SYMBOL        s
  -------         DO            
  X:000AH         SYMBOL        i
  -------         ENDDO         
  C:64ADH         LINE#         443
  C:64C4H         LINE#         444
BL51 BANKED LINKER/LOCATER V6.22                                                      10/25/2014  16:15:51  PAGE 23


  C:64C4H         LINE#         445
  C:64C7H         LINE#         446
  C:64DAH         LINE#         447
  C:64DAH         LINE#         448
  C:64DFH         LINE#         449
  C:64DFH         LINE#         451
  C:64FFH         LINE#         452
  C:6519H         LINE#         453
  C:652DH         LINE#         454
  C:653BH         LINE#         455
  C:6545H         LINE#         456
  C:6548H         LINE#         458
  C:6548H         LINE#         459
  C:6569H         LINE#         460
  C:6583H         LINE#         461
  C:65CFH         LINE#         462
  C:65E0H         LINE#         463
  C:65E0H         LINE#         464
  C:65E3H         LINE#         465
  -------         ENDPROC       _LCD_SHOWSTRING
  -------         PROC          _LCD_PUTGB3232
  X:000BH         SYMBOL        x
  X:000DH         SYMBOL        y
  X:000FH         SYMBOL        c
  X:0012H         SYMBOL        fColor
  X:0014H         SYMBOL        bColor
  -------         DO            
  D:0002H         SYMBOL        i
  X:0016H         SYMBOL        j
  X:0018H         SYMBOL        k
  -------         DO            
  X:001AH         SYMBOL        m
  -------         ENDDO         
  -------         ENDDO         
  C:636AH         LINE#         468
  C:6385H         LINE#         469
  C:6385H         LINE#         472
  C:63B1H         LINE#         473
  C:63CBH         LINE#         474
  C:63CBH         LINE#         475
  C:641DH         LINE#         476
  C:641DH         LINE#         477
  C:641FH         LINE#         478
  C:641FH         LINE#         479
  C:644DH         LINE#         480
  C:6454H         LINE#         481
  C:6454H         LINE#         482
  C:645BH         LINE#         483
  C:645BH         LINE#         484
  C:645EH         LINE#         485
  C:6460H         LINE#         487
  C:6460H         LINE#         488
  C:6466H         LINE#         489
  C:6466H         LINE#         490
  C:6473H         LINE#         491
  C:6490H         LINE#         492
  C:649BH         LINE#         493
BL51 BANKED LINKER/LOCATER V6.22                                                      10/25/2014  16:15:51  PAGE 24


  C:649BH         LINE#         494
  C:64ACH         LINE#         495
  -------         ENDPROC       _LCD_PUTGB3232
  -------         PROC          _LCD_SHOWGB3232
  X:0003H         SYMBOL        x
  X:0005H         SYMBOL        y
  X:0007H         SYMBOL        s
  -------         DO            
  X:000AH         SYMBOL        i
  -------         ENDDO         
  C:7109H         LINE#         497
  C:7120H         LINE#         498
  C:7120H         LINE#         499
  C:7123H         LINE#         500
  C:7133H         LINE#         501
  C:7133H         LINE#         502
  C:7176H         LINE#         503
  C:7187H         LINE#         504
  C:7189H         LINE#         505
  -------         ENDPROC       _LCD_SHOWGB3232
  -------         PROC          _LCD_SHOWIMAGE
  X:0003H         SYMBOL        p
  X:0006H         SYMBOL        x_axis
  X:0008H         SYMBOL        y_axis
  X:000AH         SYMBOL        length
  X:000CH         SYMBOL        width
  -------         DO            
  X:000EH         SYMBOL        i
  -------         ENDDO         
  C:6B06H         LINE#         508
  C:6B19H         LINE#         509
  C:6B19H         LINE#         511
  C:6B63H         LINE#         512
  C:6B8BH         LINE#         513
  C:6B8BH         LINE#         514
  C:6B8DH         LINE#         515
  C:6BADH         LINE#         516
  C:6BD0H         LINE#         517
  C:6BE0H         LINE#         518
  -------         ENDPROC       _LCD_SHOWIMAGE
  -------         ENDMOD        LCD

  -------         MODULE        LKB
  C:0000H         SYMBOL        _ICE_DUMMY_
  D:0096H         PUBLIC        P2M0
  D:0080H         PUBLIC        P0
  D:0095H         PUBLIC        P2M1
  D:0090H         PUBLIC        P1
  D:00A0H         PUBLIC        P2
  D:00B0H         PUBLIC        P3
  D:00C0H         PUBLIC        P4
  D:00C8H         PUBLIC        P5
  D:00E8H         PUBLIC        P6
  B:00A0H.0       PUBLIC        LED1
  D:00F8H         PUBLIC        P7
  D:00A8H         PUBLIC        IE
  B:0023H.1       PUBLIC        key_up
BL51 BANKED LINKER/LOCATER V6.22                                                      10/25/2014  16:15:51  PAGE 25


  C:693CH         PUBLIC        _Key_Scan
  D:00B8H         PUBLIC        IP
  B:0090H.5       PUBLIC        KEY1
  B:0090H.6       PUBLIC        KEY2
  B:0090H.7       PUBLIC        KEY3
  B:00A0H.5       PUBLIC        BEEP
  B:00B0H.3       PUBLIC        KEY4
  B:00C0H.6       PUBLIC        KEY5
  B:00B0H.2       PUBLIC        KEY6
  B:00B0H.5       PUBLIC        KEY7
  B:00C0H.2       PUBLIC        KEY8
  B:00B0H.4       PUBLIC        KEY9
  D:00D8H         PUBLIC        CCON
  D:0098H         PUBLIC        SCON
  D:0088H         PUBLIC        TCON
  X:00D2H         PUBLIC        Key_Num
  B:00C0H.7       PUBLIC        KEY10
  C:7A97H         PUBLIC        LKB_Init
  C:727DH         PUBLIC        _sendMsg
  C:734AH         PUBLIC        _Buzzer_Func
  D:00D0H         PUBLIC        PSW
  -------         PROC          _SENDMSG
  X:0003H         SYMBOL        keymsg
  D:0004H         SYMBOL        key
  X:0008H         SYMBOL        msg
  C:727DH         LINE#         8
  C:7288H         LINE#         9
  C:7288H         LINE#         10
  C:729BH         LINE#         11
  C:72B7H         LINE#         12
  -------         ENDPROC       _SENDMSG
  -------         PROC          LKB_INIT
  C:7A97H         LINE#         18
  C:7A97H         LINE#         19
  C:7A97H         LINE#         20
  C:7A99H         LINE#         21
  C:7A9BH         LINE#         34
  C:7A9EH         LINE#         35
  C:7AA1H         LINE#         36
  -------         ENDPROC       LKB_INIT
  -------         PROC          _BUZZER_FUNC
  X:0003H         SYMBOL        Freq
  X:0005H         SYMBOL        time
  -------         DO            
  X:0007H         SYMBOL        i
  -------         ENDDO         
  C:734AH         LINE#         43
  C:7358H         LINE#         44
  C:7358H         LINE#         46
  C:7386H         LINE#         47
  C:7386H         LINE#         48
  C:7388H         LINE#         49
  C:7398H         LINE#         50
  C:73A8H         LINE#         51
  C:73AAH         LINE#         52
  -------         ENDPROC       _BUZZER_FUNC
  -------         PROC          _KEY_SCAN
BL51 BANKED LINKER/LOCATER V6.22                                                      10/25/2014  16:15:51  PAGE 26


  D:0006H         SYMBOL        xiaodou
  X:0000H         SYMBOL        mode
  -------         DO            
  X:00D1H         SYMBOL        i
  -------         ENDDO         
  C:693CH         LINE#         63
  C:6941H         LINE#         64
  C:6941H         LINE#         66
  C:6941H         LINE#         67
  C:6962H         LINE#         69
  C:6962H         LINE#         70
  C:6968H         LINE#         71
  C:6979H         LINE#         72
  C:6979H         LINE#         73
  C:697BH         LINE#         74
  C:697DH         LINE#         75
  C:6986H         LINE#         76
  C:6993H         LINE#         77
  C:69A0H         LINE#         78
  C:69ADH         LINE#         79
  C:69BAH         LINE#         80
  C:69C7H         LINE#         81
  C:69D4H         LINE#         82
  C:69E1H         LINE#         83
  C:69EEH         LINE#         84
  C:69FBH         LINE#         88
  C:6A19H         LINE#         90
  C:6A19H         LINE#         91
  C:6A1BH         LINE#         92
  C:6A1BH         LINE#         93
  C:6A1DH         LINE#         94
  C:6A24H         LINE#         95
  -------         ENDPROC       _KEY_SCAN
  -------         ENDMOD        LKB

  -------         MODULE        MAIN
  C:0000H         SYMBOL        _ICE_DUMMY_
  X:0059H         PUBLIC        a_jump
  D:0080H         PUBLIC        P0
  D:0090H         PUBLIC        P1
  D:00A0H         PUBLIC        P2
  D:00B0H         PUBLIC        P3
  D:00C0H         PUBLIC        P4
  D:00C8H         PUBLIC        P5
  D:00E8H         PUBLIC        P6
  B:00A0H.0       PUBLIC        LED1
  D:00F8H         PUBLIC        P7
  B:00A0H.6       PUBLIC        LCD_LED
  D:00A8H         PUBLIC        IE
  D:00FBH         PUBLIC        CCAP1H
  D:00FCH         PUBLIC        CCAP2H
  D:00EBH         PUBLIC        CCAP1L
  D:00ECH         PUBLIC        CCAP2L
  D:00B8H         PUBLIC        IP
  B:0098H.1       PUBLIC        TI
  X:005DH         PUBLIC        right
  D:00D8H         PUBLIC        CCON
BL51 BANKED LINKER/LOCATER V6.22                                                      10/25/2014  16:15:51  PAGE 27


  C:45E6H         PUBLIC        main
  B:00A0H.7       PUBLIC        PWM2
  C:5F5AH         PUBLIC        HMC5883_Task
  X:0061H         PUBLIC        left
  X:0065H         PUBLIC        li_voltage
  D:0099H         PUBLIC        SBUF
  D:0098H         PUBLIC        SCON
  C:51AAH         PUBLIC        MPU6050_Task
  D:0088H         PUBLIC        TCON
  C:77E7H         PUBLIC        Encoder_Task
  X:0069H         PUBLIC        down
  C:5475H         PUBLIC        ADC_Task
  X:006DH         PUBLIC        kb
  X:0071H         PUBLIC        adc0
  X:0073H         PUBLIC        adc1
  X:0075H         PUBLIC        adc2
  X:0077H         PUBLIC        adc3
  X:0079H         PUBLIC        adc4
  X:007BH         PUBLIC        a_right
  X:007FH         PUBLIC        up
  X:0083H         PUBLIC        a_left
  X:0087H         PUBLIC        a_shoot
  D:00D0H         PUBLIC        PSW
  -------         PROC          ENCODER_TASK
  C:77E7H         LINE#         49
  C:77E7H         LINE#         50
  C:77E7H         LINE#         51
  C:77FFH         LINE#         52
  -------         ENDPROC       ENCODER_TASK
  -------         PROC          MPU6050_TASK
  -------         DO            
  X:004FH         SYMBOL        j
  -------         ENDDO         
  C:51AAH         LINE#         55
  C:51AAH         LINE#         56
  C:51AAH         LINE#         58
  C:51ADH         LINE#         61
  C:51E3H         LINE#         62
  C:51E3H         LINE#         63
  C:51F3H         LINE#         64
  C:51F5H         LINE#         65
  C:522BH         LINE#         66
  C:522BH         LINE#         67
  C:523DH         LINE#         68
  C:523FH         LINE#         70
  C:523FH         LINE#         71
  C:524BH         LINE#         72
  C:524BH         LINE#         73
  C:525AH         LINE#         74
  C:525CH         LINE#         75
  C:5268H         LINE#         76
  C:5268H         LINE#         77
  C:527AH         LINE#         78
  C:527AH         LINE#         79
  C:527AH         LINE#         81
  C:52B0H         LINE#         82
  C:52B0H         LINE#         83
BL51 BANKED LINKER/LOCATER V6.22                                                      10/25/2014  16:15:51  PAGE 28


  C:52C0H         LINE#         84
  C:52C2H         LINE#         85
  C:52F8H         LINE#         86
  C:52F8H         LINE#         87
  C:530AH         LINE#         88
  C:530CH         LINE#         90
  C:530CH         LINE#         91
  C:5318H         LINE#         92
  C:5318H         LINE#         93
  C:5327H         LINE#         94
  C:5329H         LINE#         95
  C:5335H         LINE#         96
  C:5335H         LINE#         97
  C:5347H         LINE#         98
  C:5347H         LINE#         99
  C:5347H         LINE#         104
  C:5355H         LINE#         105
  C:5364H         LINE#         106
  C:5364H         LINE#         107
  C:5368H         LINE#         108
  C:5381H         LINE#         109
  C:538AH         LINE#         110
  C:5390H         LINE#         111
  C:53A5H         LINE#         112
  C:53AFH         LINE#         113
  C:53AFH         LINE#         114
  C:53DBH         LINE#         115
  C:53DBH         LINE#         116
  C:53FFH         LINE#         118
  C:541AH         LINE#         119
  C:541AH         LINE#         120
  C:541DH         LINE#         121
  C:542BH         LINE#         122
  C:542DH         LINE#         124
  C:542DH         LINE#         125
  C:5430H         LINE#         126
  C:5450H         LINE#         127
  C:5450H         LINE#         128
  C:5459H         LINE#         129
  C:5460H         LINE#         130
  C:5463H         LINE#         131
  C:5463H         LINE#         133
  C:546AH         LINE#         134
  C:546AH         LINE#         135
  C:546DH         LINE#         136
  C:546DH         LINE#         138
  C:5474H         LINE#         139
  C:5474H         LINE#         140
  C:5474H         LINE#         142
  -------         ENDPROC       MPU6050_TASK
  -------         PROC          HMC5883_TASK
  -------         DO            
  X:0051H         SYMBOL        Last_HMC5883_Angle
  -------         ENDDO         
  C:5F5AH         LINE#         144
  C:5F5AH         LINE#         145
  C:5F5AH         LINE#         152
BL51 BANKED LINKER/LOCATER V6.22                                                      10/25/2014  16:15:51  PAGE 29


  C:5F5DH         LINE#         153
  C:5F83H         LINE#         154
  C:5F92H         LINE#         155
  C:601FH         LINE#         156
  C:6029H         LINE#         157
  C:60B6H         LINE#         158
  -------         ENDPROC       HMC5883_TASK
  -------         PROC          ADC_TASK
  -------         DO            
  X:0055H         SYMBOL        i
  X:0057H         SYMBOL        k
  -------         ENDDO         
  C:5475H         LINE#         176
  C:5475H         LINE#         177
  C:5475H         LINE#         181
  C:547FH         LINE#         182
  C:548DH         LINE#         183
  C:54B3H         LINE#         184
  C:54B3H         LINE#         185
  C:54CFH         LINE#         186
  C:54EFH         LINE#         187
  C:550EH         LINE#         188
  C:552EH         LINE#         189
  C:554CH         LINE#         190
  C:554CH         LINE#         191
  C:5553H         LINE#         192
  C:5579H         LINE#         193
  C:55B0H         LINE#         195
  C:55B0H         LINE#         197
  C:55BEH         LINE#         199
  C:55C8H         LINE#         200
  C:55C8H         LINE#         201
  C:55DFH         LINE#         202
  C:55DFH         LINE#         203
  C:55EEH         LINE#         204
  C:55F1H         LINE#         205
  C:560AH         LINE#         206
  C:560AH         LINE#         207
  C:561AH         LINE#         208
  C:561DH         LINE#         210
  C:561DH         LINE#         211
  C:5629H         LINE#         212
  C:5629H         LINE#         213
  C:5637H         LINE#         214
  C:563AH         LINE#         215
  C:5649H         LINE#         216
  C:5649H         LINE#         217
  C:5657H         LINE#         218
  C:5657H         LINE#         219
  C:5657H         LINE#         220
  C:5659H         LINE#         222
  C:5659H         LINE#         223
  C:5670H         LINE#         224
  C:5670H         LINE#         225
  C:5680H         LINE#         226
  C:5682H         LINE#         227
  C:569BH         LINE#         228
BL51 BANKED LINKER/LOCATER V6.22                                                      10/25/2014  16:15:51  PAGE 30


  C:569BH         LINE#         229
  C:56ADH         LINE#         230
  C:56AFH         LINE#         232
  C:56AFH         LINE#         233
  C:56BBH         LINE#         234
  C:56BBH         LINE#         235
  C:56CAH         LINE#         236
  C:56CCH         LINE#         237
  C:56D8H         LINE#         238
  C:56D8H         LINE#         239
  C:56EAH         LINE#         240
  C:56EAH         LINE#         241
  C:56EAH         LINE#         242
  C:56EAH         LINE#         243
  -------         ENDPROC       ADC_TASK
  -------         PROC          MAIN
  -------         DO            
  X:0001H         SYMBOL        i
  -------         ENDDO         
  C:45E6H         LINE#         261
  C:45E6H         LINE#         262
  C:45E6H         LINE#         265
  C:45EDH         LINE#         266
  C:45F4H         LINE#         267
  C:45F6H         LINE#         270
  C:45F8H         LINE#         271
  C:45FBH         LINE#         272
  C:45FEH         LINE#         275
  C:4601H         LINE#         276
  C:4608H         LINE#         277
  C:460BH         LINE#         279
  C:4612H         LINE#         280
  C:4619H         LINE#         281
  C:4620H         LINE#         282
  C:4627H         LINE#         283
  C:462EH         LINE#         284
  C:4635H         LINE#         285
  C:463CH         LINE#         286
  C:4643H         LINE#         287
  C:4649H         LINE#         290
  C:4653H         LINE#         291
  C:465AH         LINE#         292
  C:4667H         LINE#         293
  C:4670H         LINE#         294
  C:4686H         LINE#         295
  C:469AH         LINE#         296
  C:46B5H         LINE#         297
  C:46BFH         LINE#         298
  C:46D8H         LINE#         299
  C:46D8H         LINE#         300
  C:46E4H         LINE#         301
  C:46F4H         LINE#         302
  C:46F6H         LINE#         303
  C:46FDH         LINE#         304
  C:46FFH         LINE#         305
  C:4706H         LINE#         306
  C:470CH         LINE#         308
BL51 BANKED LINKER/LOCATER V6.22                                                      10/25/2014  16:15:51  PAGE 31


  C:472FH         LINE#         309
  C:4736H         LINE#         310
  C:473CH         LINE#         311
  C:4745H         LINE#         312
  C:4759H         LINE#         313
  C:4763H         LINE#         314
  C:4774H         LINE#         315
  C:4785H         LINE#         316
  C:4796H         LINE#         317
  C:47A0H         LINE#         318
  C:47B0H         LINE#         319
  C:47BAH         LINE#         320
  C:47C7H         LINE#         321
  C:47CEH         LINE#         323
  C:47D1H         LINE#         324
  C:47D3H         LINE#         325
  C:47ECH         LINE#         326
  C:47ECH         LINE#         327
  C:47F0H         LINE#         328
  C:47F7H         LINE#         329
  C:4807H         LINE#         330
  C:4809H         LINE#         331
  C:4820H         LINE#         332
  C:4820H         LINE#         333
  C:4824H         LINE#         334
  C:482BH         LINE#         335
  C:483BH         LINE#         336
  C:4842H         LINE#         337
  C:4848H         LINE#         339
  C:484BH         LINE#         340
  C:4856H         LINE#         342
  C:4859H         LINE#         343
  C:4863H         LINE#         344
  C:486AH         LINE#         345
  C:4877H         LINE#         346
  C:4887H         LINE#         347
  C:4896H         LINE#         348
  C:48A7H         LINE#         349
  C:48B7H         LINE#         350
  C:48C8H         LINE#         352
  C:48CBH         LINE#         353
  C:48CEH         LINE#         354
  C:48DEH         LINE#         356
  C:48E1H         LINE#         357
  C:48E8H         LINE#         358
  C:48F1H         LINE#         359
  C:4907H         LINE#         360
  C:491DH         LINE#         361
  C:4933H         LINE#         363
  C:4936H         LINE#         364
  C:493DH         LINE#         365
  C:4947H         LINE#         366
  C:4954H         LINE#         367
  C:4964H         LINE#         369
  C:4974H         LINE#         371
  C:497BH         LINE#         373
  C:4986H         LINE#         374
BL51 BANKED LINKER/LOCATER V6.22                                                      10/25/2014  16:15:51  PAGE 32


  C:4988H         LINE#         375
  C:498BH         LINE#         377
  C:498EH         LINE#         379
  C:498EH         LINE#         380
  C:498EH         LINE#         381
  C:4991H         LINE#         382
  C:4995H         LINE#         384
  C:4998H         LINE#         385
  C:499DH         LINE#         387
  C:49AFH         LINE#         388
  C:49AFH         LINE#         389
  C:49B1H         LINE#         390
  C:49BEH         LINE#         391
  C:49C1H         LINE#         392
  C:49C3H         LINE#         393
  C:49D2H         LINE#         394
  C:49D2H         LINE#         395
  C:49D5H         LINE#         396
  C:49DAH         LINE#         398
  C:49DDH         LINE#         399
  C:49E2H         LINE#         403
  C:49E5H         LINE#         404
  C:49E5H         LINE#         406
  C:49E8H         LINE#         407
  C:49E8H         LINE#         408
  C:4A01H         LINE#         409
  C:4A03H         LINE#         411
  C:4A03H         LINE#         412
  C:4A05H         LINE#         413
  C:4A05H         LINE#         414
  C:4A1DH         LINE#         415
  C:4A1DH         LINE#         417
  C:4A1DH         LINE#         418
  -------         ENDPROC       MAIN
  -------         ENDMOD        MAIN

  -------         MODULE        MPU6050
  C:0000H         SYMBOL        _ICE_DUMMY_
  D:0080H         PUBLIC        P0
  D:0090H         PUBLIC        P1
  C:76E3H         PUBLIC        I2C_RecvACK
  D:00A0H         PUBLIC        P2
  D:00B0H         PUBLIC        P3
  C:7783H         PUBLIC        _Single_ReadI2C
  D:00C0H         PUBLIC        P4
  D:00C8H         PUBLIC        P5
  D:00E8H         PUBLIC        P6
  D:00F8H         PUBLIC        P7
  B:0080H.6       PUBLIC        SDA2
  D:00A8H         PUBLIC        IE
  C:78BAH         PUBLIC        _Single_WriteI2C
  B:0080H.5       PUBLIC        SCL2
  D:00B8H         PUBLIC        IP
  C:7894H         PUBLIC        _GetData
  C:4E3AH         PUBLIC        _Kalman_Filter
  X:008BH         PUBLIC        Angle_ax
  D:00D8H         PUBLIC        CCON
BL51 BANKED LINKER/LOCATER V6.22                                                      10/25/2014  16:15:51  PAGE 33


  C:7974H         PUBLIC        I2C_Start
  X:008FH         PUBLIC        Accel_x
  X:0093H         PUBLIC        Accel_y
  D:0098H         PUBLIC        SCON
  C:65E4H         PUBLIC        Angle_Calcu
  X:0097H         PUBLIC        Accel_z
  D:0088H         PUBLIC        TCON
  C:78DDH         PUBLIC        MPU6050_Init
  C:75AFH         PUBLIC        _I2C_SendByte
  C:7923H         SYMBOL        _?ix1000
  C:7933H         SYMBOL        _?ix1001
  C:7A22H         PUBLIC        I2C_Stop
  C:7529H         PUBLIC        I2C_RecvByte
  X:009BH         PUBLIC        Angle
  D:00D0H         PUBLIC        PSW
  C:798BH         PUBLIC        _I2C_SendACK
  X:009FH         PUBLIC        Gyro_y
  -------         PROC          I2C_START
  C:7974H         LINE#         17
  C:7974H         LINE#         18
  C:7974H         LINE#         19
  C:7976H         LINE#         20
  C:7978H         LINE#         21
  C:797FH         LINE#         22
  C:7981H         LINE#         23
  C:7988H         LINE#         24
  C:798AH         LINE#         25
  -------         ENDPROC       I2C_START
  -------         PROC          I2C_STOP
  C:7A22H         LINE#         29
  C:7A22H         LINE#         30
  C:7A22H         LINE#         31
  C:7A24H         LINE#         32
  C:7A26H         LINE#         33
  C:7A2DH         LINE#         34
  C:7A2FH         LINE#         35
  -------         ENDPROC       I2C_STOP
  -------         PROC          _I2C_SENDACK
  D:0007H         SYMBOL        ack
  C:798BH         LINE#         41
  C:798BH         LINE#         42
  C:798BH         LINE#         43
  C:7990H         LINE#         44
  C:7992H         LINE#         45
  C:7999H         LINE#         46
  C:799BH         LINE#         47
  -------         ENDPROC       _I2C_SENDACK
  -------         PROC          I2C_RECVACK
  C:76E3H         LINE#         52
  C:76E3H         LINE#         53
[...]
  C:79A2H         PUBLIC        HMC5883_Start
  D:00D8H         PUBLIC        CCON
  C:756CH         PUBLIC        HMC5883_RecvChar
  C:7AC3H         PUBLIC        HMC5883_Init
  D:0098H         PUBLIC        SCON
  D:0088H         PUBLIC        TCON
  C:7A36H         PUBLIC        HMC5883_Stop
  C:6CB9H         PUBLIC        Multiple_Read_HMC5883
  C:7900H         PUBLIC        _Single_Write_HMC5883
  C:79CFH         PUBLIC        HMC5883_SendACK
  C:7719H         PUBLIC        HMC5883_RecvACK
  D:00D0H         PUBLIC        PSW
  X:00CDH         PUBLIC        HMC5883_Angle
  -------         PROC          HMC5883_START
  C:79A2H         LINE#         10
  C:79A2H         LINE#         11
  C:79A2H         LINE#         12
  C:79A4H         LINE#         13
  C:79A6H         LINE#         14
  C:79ADH         LINE#         15
  C:79AFH         LINE#         16
  C:79B6H         LINE#         17
  C:79B8H         LINE#         18
  -------         ENDPROC       HMC5883_START
  -------         PROC          HMC5883_STOP
  C:7A36H         LINE#         23
  C:7A36H         LINE#         24
  C:7A36H         LINE#         25
  C:7A38H         LINE#         26
  C:7A3AH         LINE#         27
  C:7A41H         LINE#         28
  C:7A43H         LINE#         29
  -------         ENDPROC       HMC5883_STOP
  -------         PROC          HMC5883_SENDACK
  B:0021H.0       SYMBOL        ack
  C:79CFH         LINE#         36
  C:79CFH         LINE#         37
  C:79CFH         LINE#         38
  C:79D3H         LINE#         39
BL51 BANKED LINKER/LOCATER V6.22                                                      10/25/2014  16:15:51  PAGE 41


  C:79D5H         LINE#         40
  C:79DCH         LINE#         41
  C:79DEH         LINE#         42
  -------         ENDPROC       HMC5883_SENDACK
  -------         PROC          HMC5883_RECVACK
  C:7719H         LINE#         48
  C:7719H         LINE#         49
  C:7719H         LINE#         50
  C:771BH         LINE#         51
  C:7722H         LINE#         52
  C:7724H         LINE#         53
  C:772BH         LINE#         54
  C:772DH         LINE#         55
  C:7734H         LINE#         56
  C:7737H         LINE#         57
  C:7737H         LINE#         58
  C:7739H         LINE#         59
  C:7740H         LINE#         60
  C:7743H         LINE#         61
  C:7743H         LINE#         62
  C:7745H         LINE#         63
  C:774CH         LINE#         64
  C:774EH         LINE#         73
  -------         ENDPROC       HMC5883_RECVACK
  -------         PROC          _HMC5883_SENDCHAR
  X:0010H         SYMBOL        dat
  -------         DO            
  X:0011H         SYMBOL        i
  -------         ENDDO         
  C:75F0H         LINE#         78
  C:75F5H         LINE#         79
  C:75F5H         LINE#         81
  C:75F8H         LINE#         82
  C:75F8H         LINE#         83
  C:75FAH         LINE#         84
  C:7601H         LINE#         85
  C:760DH         LINE#         86
  C:760FH         LINE#         87
  C:7616H         LINE#         88
  C:7618H         LINE#         89
  C:761FH         LINE#         90
  C:762BH         LINE#         91
  C:762DH         LINE#         92
  C:7630H         LINE#         93
  -------         ENDPROC       _HMC5883_SENDCHAR
  -------         PROC          HMC5883_RECVCHAR
  -------         DO            
  X:0010H         SYMBOL        i
  X:0011H         SYMBOL        dat
  -------         ENDDO         
  C:756CH         LINE#         98
  C:756CH         LINE#         99
  C:756CH         LINE#         101
  C:7571H         LINE#         103
  C:7573H         LINE#         104
  C:7577H         LINE#         105
  C:7577H         LINE#         106
BL51 BANKED LINKER/LOCATER V6.22                                                      10/25/2014  16:15:51  PAGE 42


  C:757EH         LINE#         107
  C:7580H         LINE#         108
  C:7587H         LINE#         109
  C:7594H         LINE#         110
  C:7596H         LINE#         111
  C:759DH         LINE#         112
  C:75A9H         LINE#         113
  C:75AEH         LINE#         114
  -------         ENDPROC       HMC5883_RECVCHAR
  -------         PROC          _SINGLE_WRITE_HMC5883
  X:0003H         SYMBOL        REG_Address
  X:0004H         SYMBOL        REG_data
  C:7900H         LINE#         118
  C:7908H         LINE#         119
  C:7908H         LINE#         120
  C:790BH         LINE#         121
  C:7910H         LINE#         122
  C:7918H         LINE#         123
  C:7920H         LINE#         124
  -------         ENDPROC       _SINGLE_WRITE_HMC5883
  -------         PROC          MULTIPLE_READ_HMC5883
  -------         DO            
  X:0003H         SYMBOL        i
  X:0004H         SYMBOL        BUF
  X:000CH         SYMBOL        x
  D:0006H         SYMBOL        y
  X:000EH         SYMBOL        z
  -------         ENDDO         
  C:6CB9H         LINE#         143
  C:6CB9H         LINE#         144
  C:6CB9H         LINE#         148
  C:6CBCH         LINE#         149
  C:6CC1H         LINE#         150
  C:6CC6H         LINE#         151
  C:6CC9H         LINE#         152
  C:6CCEH         LINE#         153
  C:6CD3H         LINE#         154
  C:6CD3H         LINE#         155
  C:6CE6H         LINE#         156
  C:6CEAH         LINE#         157
  C:6CEAH         LINE#         158
  C:6CECH         LINE#         159
  C:6CEEH         LINE#         161
  C:6CEEH         LINE#         162
  C:6CF3H         LINE#         163
  C:6CF3H         LINE#         164
  C:6CFFH         LINE#         165
  C:6D02H         LINE#         166
  C:6D09H         LINE#         168
  C:6D1BH         LINE#         169
  C:6D2DH         LINE#         170
  C:6D37H         LINE#         172
  -------         ENDPROC       MULTIPLE_READ_HMC5883
  -------         PROC          HMC5883_INIT
  C:7AC3H         LINE#         176
  C:7AC3H         LINE#         177
  C:7AC3H         LINE#         178
BL51 BANKED LINKER/LOCATER V6.22                                                      10/25/2014  16:15:51  PAGE 43


  -------         ENDPROC       HMC5883_INIT
  -------         ENDMOD        HMC5883L

  -------         MODULE        NRF24L01
  C:0000H         SYMBOL        _ICE_DUMMY_
  D:0080H         PUBLIC        P0
  D:0090H         PUBLIC        P1
  D:00A0H         PUBLIC        P2
  D:00B0H         PUBLIC        P3
  D:00C0H         PUBLIC        P4
  D:00C8H         PUBLIC        P5
  D:00E8H         PUBLIC        P6
  D:00F8H         PUBLIC        P7
  B:0080H.3       PUBLIC        CE
  D:00A8H         PUBLIC        IE
  X:00B7H         PUBLIC        RX_ADDRESS
  C:7402H         PUBLIC        TX_Mode
  X:00BCH         PUBLIC        TX_ADDRESS
  D:00B8H         PUBLIC        IP
  B:0020H.6       PUBLIC        RX_DR
  B:0020H.5       PUBLIC        TX_DS
  D:00D8H         PUBLIC        CCON
  D:0098H         PUBLIC        SCON
  D:0088H         PUBLIC        TCON
  B:00C0H.0       PUBLIC        MOSI
  B:00C0H.1       PUBLIC        MISO
  X:00C1H         PUBLIC        Rx_Buf
  D:0020H         PUBLIC        sta
  C:7A8AH         PUBLIC        _SPI_Read
  X:00C5H         PUBLIC        Tx_Buf
  C:76ACH         PUBLIC        _Transmit
  C:745FH         PUBLIC        _SPI_Write_Buf
  B:00C0H.3       PUBLIC        SCK
  B:00C8H.4       PUBLIC        CSN
  B:0020H.4       PUBLIC        MAX_RT
  C:7ACAH         PUBLIC        NRF24L01_Init
  C:7A5BH         PUBLIC        _SPI_RW_Reg
  C:7943H         PUBLIC        _SPI_RW
  D:00D0H         PUBLIC        PSW
  -------         PROC          NRF24L01_INIT
  C:7ACAH         LINE#         18
  C:7ACAH         LINE#         19
  C:7ACAH         LINE#         20
  C:7ACCH         LINE#         21
  C:7ACEH         LINE#         22
  C:7AD0H         LINE#         23
  -------         ENDPROC       NRF24L01_INIT
  -------         PROC          _SPI_RW
  D:0007H         SYMBOL        byte
  -------         DO            
  D:0006H         SYMBOL        bit_ctr
  -------         ENDDO         
  C:7943H         LINE#         26
  C:7943H         LINE#         27
  C:7943H         LINE#         29
  C:7945H         LINE#         30
  C:7945H         LINE#         31
BL51 BANKED LINKER/LOCATER V6.22                                                      10/25/2014  16:15:51  PAGE 44


  C:7949H         LINE#         33
  C:794DH         LINE#         34
  C:794FH         LINE#         35
  C:7955H         LINE#         36
  C:7957H         LINE#         37
  C:795CH         LINE#         38
  C:795CH         LINE#         39
  -------         ENDPROC       _SPI_RW
  -------         PROC          _SPI_RW_REG
  D:0007H         SYMBOL        reg
  D:0005H         SYMBOL        value
  -------         DO            
  D:0004H         SYMBOL        status
  -------         ENDDO         
  C:7A5BH         LINE#         40
  C:7A5BH         LINE#         41
  C:7A5BH         LINE#         43
  C:7A5DH         LINE#         44
  C:7A62H         LINE#         45
  C:7A67H         LINE#         46
  C:7A69H         LINE#         47
  C:7A6BH         LINE#         48
  -------         ENDPROC       _SPI_RW_REG
  -------         PROC          _SPI_READ
  D:0007H         SYMBOL        reg
  -------         DO            
  D:0007H         SYMBOL        reg_val
  -------         ENDDO         
  C:7A8AH         LINE#         49
  C:7A8AH         LINE#         50
  C:7A8AH         LINE#         52
  C:7A8CH         LINE#         53
  C:7A8FH         LINE#         54
  C:7A94H         LINE#         55
  C:7A96H         LINE#         56
  C:7A96H         LINE#         57
  -------         ENDPROC       _SPI_READ
  -------         PROC          L?0014
  -------         ENDPROC       L?0014
  -------         PROC          _SPI_WRITE_BUF
  D:0007H         SYMBOL        reg
  X:0007H         SYMBOL        pBuf
  X:000AH         SYMBOL        bytes
  -------         DO            
  D:0005H         SYMBOL        status
  D:0004H         SYMBOL        byte_ctr
  -------         ENDDO         
  C:745FH         LINE#         58
  C:746AH         LINE#         59
  C:746AH         LINE#         61
  C:746CH         LINE#         62
  C:7471H         LINE#         63
  C:747DH         LINE#         64
  C:7497H         LINE#         65
  C:7499H         LINE#         66
  C:749BH         LINE#         67
  -------         ENDPROC       _SPI_WRITE_BUF
BL51 BANKED LINKER/LOCATER V6.22                                                      10/25/2014  16:15:51  PAGE 45


  -------         PROC          TX_MODE
  C:7402H         LINE#         70
  C:7402H         LINE#         71
  C:7402H         LINE#         72
  C:7404H         LINE#         74
  C:740BH         LINE#         75
  C:741CH         LINE#         76
  C:741FH         LINE#         77
  C:7426H         LINE#         78
  C:742BH         LINE#         79
  C:7432H         LINE#         80
  C:7439H         LINE#         81
  C:7440H         LINE#         82
  C:7447H         LINE#         83
  C:744EH         LINE#         84
  C:7450H         LINE#         85
  -------         ENDPROC       TX_MODE
  -------         PROC          _TRANSMIT
  X:0003H         SYMBOL        tx_buf
  C:76ACH         LINE#         86
  C:76B7H         LINE#         87
  C:76B7H         LINE#         88
  C:76B9H         LINE#         89
  C:76BCH         LINE#         90
  C:76C3H         LINE#         91
  C:76D9H         LINE#         92
  C:76E0H         LINE#         93
  C:76E2H         LINE#         94
  -------         ENDPROC       _TRANSMIT
  -------         ENDMOD        NRF24L01

  -------         MODULE        INT
  C:0000H         SYMBOL        _ICE_DUMMY_
  D:0080H         PUBLIC        P0
  D:0090H         PUBLIC        P1
  D:00A0H         PUBLIC        P2
  D:00B0H         PUBLIC        P3
  D:00C0H         PUBLIC        P4
  D:00C8H         PUBLIC        P5
  B:00A8H.7       PUBLIC        EA
  D:00E8H         PUBLIC        P6
  D:00F8H         PUBLIC        P7
  D:00A8H         PUBLIC        IE
  B:00B0H.2       PUBLIC        A_Phase
  D:00B8H         PUBLIC        IP
  D:00D8H         PUBLIC        CCON
  D:0098H         PUBLIC        SCON
  D:0088H         PUBLIC        TCON
  B:0088H.0       PUBLIC        IT0
  B:00A8H.0       PUBLIC        EX0
  C:7AACH         PUBLIC        INT_Init
  D:00D0H         PUBLIC        PSW
  -------         PROC          INT_INIT
  C:7AACH         LINE#         3
  C:7AACH         LINE#         4
  C:7AACH         LINE#         9
  C:7AAEH         LINE#         10
BL51 BANKED LINKER/LOCATER V6.22                                                      10/25/2014  16:15:51  PAGE 46


  C:7AB0H         LINE#         11
  C:7AB2H         LINE#         12
  C:7AB4H         LINE#         14
  -------         ENDPROC       INT_INIT
  -------         ENDMOD        INT

  -------         MODULE        ?C?FPADD
  C:30D5H         PUBLIC        ?C?FPADD
  C:30D1H         PUBLIC        ?C?FPSUB
  -------         ENDMOD        ?C?FPADD

  -------         MODULE        ?C?FPMUL
  C:31C6H         PUBLIC        ?C?FPMUL
  -------         ENDMOD        ?C?FPMUL

  -------         MODULE        ?C?FPDIV
  C:32CFH         PUBLIC        ?C?FPDIV
  -------         ENDMOD        ?C?FPDIV

  -------         MODULE        ?C?FPCMP
  C:336EH         PUBLIC        ?C?FPCMP
  C:336CH         PUBLIC        ?C?FPCMP3
  -------         ENDMOD        ?C?FPCMP

  -------         MODULE        ?C?FPNEG
  C:33D9H         PUBLIC        ?C?FPNEG
  -------         ENDMOD        ?C?FPNEG

  -------         MODULE        ?C?FCAST
  C:33F4H         PUBLIC        ?C?FCASTC
  C:33EFH         PUBLIC        ?C?FCASTI
  C:33EAH         PUBLIC        ?C?FCASTL
  -------         ENDMOD        ?C?FCAST

  -------         MODULE        ?C?CASTF
  C:3428H         PUBLIC        ?C?CASTF
  -------         ENDMOD        ?C?CASTF

  -------         MODULE        PRINTF
  X:000AH         PUBLIC        ?_PRINTF?BYTE
  X:000AH         PUBLIC        ?_SPRINTF?BYTE
  C:41CEH         PUBLIC        _PRINTF
  C:41C8H         PUBLIC        _SPRINTF
  -------         ENDMOD        PRINTF

  -------         MODULE        SQRT
  C:6D8BH         PUBLIC        _SQRT
  -------         ENDMOD        SQRT

  -------         MODULE        ATAN2
  X:0010H         PUBLIC        ?_atan2?BYTE
  C:6EDDH         PUBLIC        _atan2
  -------         ENDMOD        ATAN2

  -------         MODULE        SIN
  C:5E1AH         PUBLIC        _COS
  C:5E30H         PUBLIC        _SIN
BL51 BANKED LINKER/LOCATER V6.22                                                      10/25/2014  16:15:51  PAGE 47


  C:5E6CH         PUBLIC        _TAN
  -------         ENDMOD        SIN

  -------         MODULE        ASIN
  C:7671H         PUBLIC        _ASIN
  -------         ENDMOD        ASIN

  -------         MODULE        ?C?FPROUND
  C:34A9H         PUBLIC        ?C?FPROUND
  -------         ENDMOD        ?C?FPROUND

  -------         MODULE        ?C?FPCONVERT
  C:34E6H         PUBLIC        ?C?FPCONVERT
  -------         ENDMOD        ?C?FPCONVERT

  -------         MODULE        ATAN
  C:6734H         PUBLIC        _ATAN
  -------         ENDMOD        ATAN

  -------         MODULE        ?C?FTNPWR
  C:3668H         PUBLIC        ?C?FTNPWR
  -------         ENDMOD        ?C?FTNPWR

  -------         MODULE        ?C?COPY
  C:3778H         PUBLIC        ?C?COPY
  -------         ENDMOD        ?C?COPY

  -------         MODULE        ?C?CLDPTR
  C:379EH         PUBLIC        ?C?CLDPTR
  -------         ENDMOD        ?C?CLDPTR

  -------         MODULE        ?C?CLDOPTR
  C:37B7H         PUBLIC        ?C?CLDOPTR
  -------         ENDMOD        ?C?CLDOPTR

  -------         MODULE        ?C?CSTPTR
  C:37E4H         PUBLIC        ?C?CSTPTR
  -------         ENDMOD        ?C?CSTPTR

  -------         MODULE        ?C?IMUL
  C:37F6H         PUBLIC        ?C?IMUL
  -------         ENDMOD        ?C?IMUL

  -------         MODULE        ?C?UIDIV
  C:3808H         PUBLIC        ?C?UIDIV
  -------         ENDMOD        ?C?UIDIV

  -------         MODULE        ?C?SIDIV
  C:385DH         PUBLIC        ?C?SIDIV
  -------         ENDMOD        ?C?SIDIV

  -------         MODULE        ?C?IILDX
  C:3893H         PUBLIC        ?C?IILDX
  -------         ENDMOD        ?C?IILDX

  -------         MODULE        ?C?ILDIX
  C:38A9H         PUBLIC        ?C?ILDIX
BL51 BANKED LINKER/LOCATER V6.22                                                      10/25/2014  16:15:51  PAGE 48


  -------         ENDMOD        ?C?ILDIX

  -------         MODULE        ?C?ILDPTR
  C:38BFH         PUBLIC        ?C?ILDPTR
  -------         ENDMOD        ?C?ILDPTR

  -------         MODULE        ?C?ILDOPTR
  C:38EAH         PUBLIC        ?C?ILDOPTR
  -------         ENDMOD        ?C?ILDOPTR

  -------         MODULE        ?C?ISTPTR
  C:3922H         PUBLIC        ?C?ISTPTR
  -------         ENDMOD        ?C?ISTPTR

  -------         MODULE        ?C?ISTOPTR
  C:3941H         PUBLIC        ?C?ISTOPTR
  -------         ENDMOD        ?C?ISTOPTR

  -------         MODULE        ?C?LMUL
  C:396EH         PUBLIC        ?C?LMUL
  -------         ENDMOD        ?C?LMUL

  -------         MODULE        ?C?ULDIV
  C:39F9H         PUBLIC        ?C?ULDIV
  -------         ENDMOD        ?C?ULDIV

  -------         MODULE        ?C?SLDIV
  C:74E5H         PUBLIC        ?C?SLDIV
  -------         ENDMOD        ?C?SLDIV

  -------         MODULE        ?C?LNEG
  C:3A8BH         PUBLIC        ?C?LNEG
  -------         ENDMOD        ?C?LNEG

  -------         MODULE        ?C?ULSHR
  C:3A99H         PUBLIC        ?C?ULSHR
  -------         ENDMOD        ?C?ULSHR

  -------         MODULE        ?C?LLDXDATA
  C:3AACH         PUBLIC        ?C?LLDXDATA
  -------         ENDMOD        ?C?LLDXDATA

  -------         MODULE        ?C?LLDCODE
  C:3AB8H         PUBLIC        ?C?LLDCODE
  -------         ENDMOD        ?C?LLDCODE

  -------         MODULE        ?C?LLDXDATA0
  C:3AC8H         PUBLIC        ?C?LLDXDATA0
  -------         ENDMOD        ?C?LLDXDATA0

  -------         MODULE        ?C?LLDCODE0
  C:3AD4H         PUBLIC        ?C?LLDCODE0
  -------         ENDMOD        ?C?LLDCODE0

  -------         MODULE        ?C?LSTXDATA
  C:3AE4H         PUBLIC        ?C?LSTXDATA
  -------         ENDMOD        ?C?LSTXDATA
BL51 BANKED LINKER/LOCATER V6.22                                                      10/25/2014  16:15:51  PAGE 49



  -------         MODULE        ?C?LSTKXDATA
  C:3AF0H         PUBLIC        ?C?LSTKXDATA
  -------         ENDMOD        ?C?LSTKXDATA

  -------         MODULE        ?C?OFFXADD
  C:3B21H         PUBLIC        ?C?OFFXADD
  -------         ENDMOD        ?C?OFFXADD

  -------         MODULE        ?C?PLDIXDATA
  C:3B2DH         PUBLIC        ?C?PLDIXDATA
  -------         ENDMOD        ?C?PLDIXDATA

  -------         MODULE        ?C?PSTXDATA
  C:3B44H         PUBLIC        ?C?PSTXDATA
  -------         ENDMOD        ?C?PSTXDATA

  -------         MODULE        ?C?CCASE
  C:3B4DH         PUBLIC        ?C?CCASE
  -------         ENDMOD        ?C?CCASE

  -------         MODULE        PUTCHAR
  C:786DH         PUBLIC        _PUTCHAR
  -------         ENDMOD        PUTCHAR

Program Size: data=33.2 xdata=212 code=31441
LINK/LOCATE RUN COMPLETE.  0 WARNING(S),  0 ERROR(S)
